[    0.000000] Linux version 6.5.0-14-generic (buildd@lcy02-amd64-110) (x86_64-linux-gnu-gcc-12 (Ubuntu 12.3.0-1ubuntu1~22.04) 12.3.0, GNU ld (GNU Binutils for Ubuntu) 2.38) #14~22.04.1-Ubuntu SMP PREEMPT_DYNAMIC Mon Nov 20 18:15:30 UTC 2 (Ubuntu 6.5.0-14.14~22.04.1-generic 6.5.3)
[    0.000000] Command line: BOOT_IMAGE=/boot/vmlinuz-6.5.0-14-generic root=UUID=105c53dd-9b0d-4a8b-b85f-60c137a5a20e ro
[    0.000000] KERNEL supported cpus:
[    0.000000]   Intel GenuineIntel
[    0.000000]   AMD AuthenticAMD
[    0.000000]   Hygon HygonGenuine
[    0.000000]   Centaur CentaurHauls
[    0.000000]   zhaoxin   Shanghai
[    0.000000] BIOS-provided physical RAM map:
[    0.000000] BIOS-e820: [mem 0x0000000000000000-0x0000000000057fff] usable
[    0.000000] BIOS-e820: [mem 0x0000000000058000-0x0000000000058fff] reserved
[    0.000000] BIOS-e820: [mem 0x0000000000059000-0x000000000008efff] usable
[    0.000000] BIOS-e820: [mem 0x000000000008f000-0x000000000008ffff] reserved
[    0.000000] BIOS-e820: [mem 0x0000000000090000-0x000000000009ffff] usable
[    0.000000] BIOS-e820: [mem 0x00000000000a0000-0x00000000000bffff] reserved
[    0.000000] BIOS-e820: [mem 0x0000000000100000-0x000000007ad0ffff] usable
[    0.000000] BIOS-e820: [mem 0x000000007ad10000-0x000000007ad52fff] ACPI NVS
[    0.000000] BIOS-e820: [mem 0x000000007ad53000-0x000000007ad5afff] usable
[    0.000000] BIOS-e820: [mem 0x000000007ad5b000-0x000000007ad8efff] ACPI data
[    0.000000] BIOS-e820: [mem 0x000000007ad8f000-0x000000007ae37fff] usable
[    0.000000] BIOS-e820: [mem 0x000000007ae38000-0x000000007ae8efff] reserved
[    0.000000] BIOS-e820: [mem 0x000000007ae8f000-0x000000007aed1fff] usable
[    0.000000] BIOS-e820: [mem 0x000000007aed2000-0x000000007aefefff] reserved
[    0.000000] BIOS-e820: [mem 0x000000007aeff000-0x000000007af82fff] usable
[    0.000000] BIOS-e820: [mem 0x000000007af83000-0x000000007afeffff] reserved
[    0.000000] BIOS-e820: [mem 0x000000007aff0000-0x000000007affffff] usable
[    0.000000] BIOS-e820: [mem 0x000000007b000000-0x000000007f9fffff] reserved
[    0.000000] BIOS-e820: [mem 0x00000000e00f8000-0x00000000e00f8fff] reserved
[    0.000000] BIOS-e820: [mem 0x00000000fed1c000-0x00000000fed1ffff] reserved
[    0.000000] BIOS-e820: [mem 0x00000000ffe10000-0x00000000ffe3ffff] reserved
[    0.000000] BIOS-e820: [mem 0x0000000100000000-0x000000027f5fffff] usable
[    0.000000] NX (Execute Disable) protection: active
[    0.000000] e820: update [mem 0x75226190-0x752361cf] usable ==> usable
[    0.000000] e820: update [mem 0x75226190-0x752361cf] usable ==> usable
[    0.000000] e820: update [mem 0x7523a890-0x7523ad78] usable ==> usable
[    0.000000] e820: update [mem 0x7523a890-0x7523ad78] usable ==> usable
[    0.000000] extended physical RAM map:
[    0.000000] reserve setup_data: [mem 0x0000000000000000-0x0000000000057fff] usable
[    0.000000] reserve setup_data: [mem 0x0000000000058000-0x0000000000058fff] reserved
[    0.000000] reserve setup_data: [mem 0x0000000000059000-0x000000000008efff] usable
[    0.000000] reserve setup_data: [mem 0x000000000008f000-0x000000000008ffff] reserved
[    0.000000] reserve setup_data: [mem 0x0000000000090000-0x000000000009ffff] usable
[    0.000000] reserve setup_data: [mem 0x00000000000a0000-0x00000000000bffff] reserved
[    0.000000] reserve setup_data: [mem 0x0000000000100000-0x000000007522618f] usable
[    0.000000] reserve setup_data: [mem 0x0000000075226190-0x00000000752361cf] usable
[    0.000000] reserve setup_data: [mem 0x00000000752361d0-0x000000007523a88f] usable
[    0.000000] reserve setup_data: [mem 0x000000007523a890-0x000000007523ad78] usable
[    0.000000] reserve setup_data: [mem 0x000000007523ad79-0x000000007ad0ffff] usable
[    0.000000] reserve setup_data: [mem 0x000000007ad10000-0x000000007ad52fff] ACPI NVS
[    0.000000] reserve setup_data: [mem 0x000000007ad53000-0x000000007ad5afff] usable
[    0.000000] reserve setup_data: [mem 0x000000007ad5b000-0x000000007ad8efff] ACPI data
[    0.000000] reserve setup_data: [mem 0x000000007ad8f000-0x000000007ae37fff] usable
[    0.000000] reserve setup_data: [mem 0x000000007ae38000-0x000000007ae8efff] reserved
[    0.000000] reserve setup_data: [mem 0x000000007ae8f000-0x000000007aed1fff] usable
[    0.000000] reserve setup_data: [mem 0x000000007aed2000-0x000000007aefefff] reserved
[    0.000000] reserve setup_data: [mem 0x000000007aeff000-0x000000007af82fff] usable
[    0.000000] reserve setup_data: [mem 0x000000007af83000-0x000000007afeffff] reserved
[    0.000000] reserve setup_data: [mem 0x000000007aff0000-0x000000007affffff] usable
[    0.000000] reserve setup_data: [mem 0x000000007b000000-0x000000007f9fffff] reserved
[    0.000000] reserve setup_data: [mem 0x00000000e00f8000-0x00000000e00f8fff] reserved
[    0.000000] reserve setup_data: [mem 0x00000000fed1c000-0x00000000fed1ffff] reserved
[    0.000000] reserve setup_data: [mem 0x00000000ffe10000-0x00000000ffe3ffff] reserved
[    0.000000] reserve setup_data: [mem 0x0000000100000000-0x000000027f5fffff] usable
[    0.000000] efi: EFI v1.1 by Apple
[    0.000000] efi: ACPI=0x7ad8e000 ACPI 2.0=0x7ad8e014 SMBIOS=0x7ad11000 MOKvar=0x7ae38000
[    0.000000] efi: Not removing mem254: MMIO range=[0xe00f8000-0xe00f8fff] (4KB) from e820 map
[    0.000000] efi: Not removing mem255: MMIO range=[0xfed1c000-0xfed1ffff] (16KB) from e820 map
[    0.000000] efi: Not removing mem256: MMIO range=[0xffe10000-0xffe3ffff] (192KB) from e820 map
[    0.000000] secureboot: Secure boot disabled
[    0.000000] SMBIOS 2.4 present.
[    0.000000] DMI: Apple Inc. MacBookPro11,2/Mac-3CBD00234E554E41, BIOS 432.40.8.0.1 09/16/2021
[    0.000000] tsc: Fast TSC calibration using PIT
[    0.000000] tsc: Detected 2294.843 MHz processor
[    0.000108] e820: update [mem 0x00000000-0x00000fff] usable ==> reserved
[    0.000111] e820: remove [mem 0x000a0000-0x000fffff] usable
[    0.000120] last_pfn = 0x27f600 max_arch_pfn = 0x400000000
[    0.000125] MTRR map: 5 entries (4 fixed + 1 variable; max 24), built from 10 variable MTRRs
[    0.000127] x86/PAT: Configuration [0-7]: WB  WC  UC- UC  WB  WP  UC- WT
[    0.000468] last_pfn = 0x7b000 max_arch_pfn = 0x400000000
[    0.016221] Using GB pages for direct mapping
[    0.016557] secureboot: Secure boot disabled
[    0.016558] RAMDISK: [mem 0x57d1d000-0x5c012fff]
[    0.016563] ACPI: Early table checksum verification disabled
[    0.016565] ACPI: RSDP 0x000000007AD8E014 000024 (v02 APPLE )
[    0.016569] ACPI: XSDT 0x000000007AD8E1C0 0000A4 (v01 APPLE  Apple00  00000000      01000013)
[    0.016574] ACPI: FACP 0x000000007AD8C000 0000F4 (v05 APPLE  Apple00  00000000 Loki 0000005F)
[    0.016578] ACPI BIOS Warning (bug): 32/64X length mismatch in FADT/Gpe0Block: 128/0 (20230331/tbfadt-564)
[    0.016582] ACPI: DSDT 0x000000007AD80000 006C21 (v03 APPLE  MacBookP 00110002 INTL 20100915)
[    0.016585] ACPI: FACS 0x000000007AD18000 000040
[    0.016587] ACPI: FACS 0x000000007AD18000 000040
[    0.016589] ACPI: HPET 0x000000007AD8B000 000038 (v01 APPLE  Apple00  00000001 Loki 0000005F)
[    0.016592] ACPI: APIC 0x000000007AD8A000 0000BC (v02 APPLE  Apple00  00000001 Loki 0000005F)
[    0.016595] ACPI: SBST 0x000000007AD88000 000030 (v01 APPLE  Apple00  00000001 Loki 0000005F)
[    0.016598] ACPI: ECDT 0x000000007AD87000 000053 (v01 APPLE  Apple00  00000001 Loki 0000005F)
[    0.016600] ACPI: SSDT 0x000000007AD7F000 00010B (v01 APPLE  SataAhci 00001000 INTL 20100915)
[    0.016603] ACPI: SSDT 0x000000007AD7E000 000024 (v01 APPLE  SmcDppt  00001000 INTL 20100915)
[    0.016606] ACPI: SSDT 0x000000007AD7C000 000688 (v01 APPLE  SDUsbLpt 00001000 INTL 20100915)
[    0.016609] ACPI: SSDT 0x000000007AD79000 000032 (v01 APPLE  SsdtS3   00001000 INTL 20100915)
[    0.016612] ACPI: SSDT 0x000000007AD6E000 005CBF (v01 APPLE  TbtPEG10 00001000 INTL 20100915)
[    0.016614] ACPI: SSDT 0x000000007AD63000 0000B8 (v01 APPLE  Sdxc     00001000 INTL 20100915)
[    0.016617] ACPI: SSDT 0x000000007AD62000 0003E0 (v01 APPLE  SaHdaCdc 00001000 INTL 20100915)
[    0.016620] ACPI: SSDT 0x000000007AD61000 0006DE (v01 PmRef  Cpu0Ist  00003000 INTL 20100915)
[    0.016623] ACPI: SSDT 0x000000007AD60000 000B83 (v01 PmRef  CpuPm    00003000 INTL 20100915)
[    0.016626] ACPI: DMAR 0x000000007AD5F000 000088 (v01 APPLE  HSW      00000001 AAPL 00000001)
[    0.016629] ACPI: MCFG 0x000000007AD89000 00003C (v01 APPLE  Apple00  00000001 Loki 0000005F)
[    0.016631] ACPI: Reserving FACP table memory at [mem 0x7ad8c000-0x7ad8c0f3]
[    0.016632] ACPI: Reserving DSDT table memory at [mem 0x7ad80000-0x7ad86c20]
[    0.016633] ACPI: Reserving FACS table memory at [mem 0x7ad18000-0x7ad1803f]
[    0.016634] ACPI: Reserving FACS table memory at [mem 0x7ad18000-0x7ad1803f]
[    0.016635] ACPI: Reserving HPET table memory at [mem 0x7ad8b000-0x7ad8b037]
[    0.016636] ACPI: Reserving APIC table memory at [mem 0x7ad8a000-0x7ad8a0bb]
[    0.016636] ACPI: Reserving SBST table memory at [mem 0x7ad88000-0x7ad8802f]
[    0.016637] ACPI: Reserving ECDT table memory at [mem 0x7ad87000-0x7ad87052]
[    0.016638] ACPI: Reserving SSDT table memory at [mem 0x7ad7f000-0x7ad7f10a]
[    0.016638] ACPI: Reserving SSDT table memory at [mem 0x7ad7e000-0x7ad7e023]
[    0.016639] ACPI: Reserving SSDT table memory at [mem 0x7ad7c000-0x7ad7c687]
[    0.016640] ACPI: Reserving SSDT table memory at [mem 0x7ad79000-0x7ad79031]
[    0.016641] ACPI: Reserving SSDT table memory at [mem 0x7ad6e000-0x7ad73cbe]
[    0.016641] ACPI: Reserving SSDT table memory at [mem 0x7ad63000-0x7ad630b7]
[    0.016642] ACPI: Reserving SSDT table memory at [mem 0x7ad62000-0x7ad623df]
[    0.016643] ACPI: Reserving SSDT table memory at [mem 0x7ad61000-0x7ad616dd]
[    0.016643] ACPI: Reserving SSDT table memory at [mem 0x7ad60000-0x7ad60b82]
[    0.016644] ACPI: Reserving DMAR table memory at [mem 0x7ad5f000-0x7ad5f087]
[    0.016645] ACPI: Reserving MCFG table memory at [mem 0x7ad89000-0x7ad8903b]
[    0.016657] ACPI: DMI detected to setup _OSI("Darwin"): Apple hardware
[    0.016747] No NUMA configuration found
[    0.016748] Faking a node at [mem 0x0000000000000000-0x000000027f5fffff]
[    0.016756] NODE_DATA(0) allocated [mem 0x27f5d5000-0x27f5fffff]
[    0.016923] Zone ranges:
[    0.016924]   DMA      [mem 0x0000000000001000-0x0000000000ffffff]
[    0.016925]   DMA32    [mem 0x0000000001000000-0x00000000ffffffff]
[    0.016927]   Normal   [mem 0x0000000100000000-0x000000027f5fffff]
[    0.016928]   Device   empty
[    0.016929] Movable zone start for each node
[    0.016932] Early memory node ranges
[    0.016932]   node   0: [mem 0x0000000000001000-0x0000000000057fff]
[    0.016933]   node   0: [mem 0x0000000000059000-0x000000000008efff]
[    0.016934]   node   0: [mem 0x0000000000090000-0x000000000009ffff]
[    0.016935]   node   0: [mem 0x0000000000100000-0x000000007ad0ffff]
[    0.016936]   node   0: [mem 0x000000007ad53000-0x000000007ad5afff]
[    0.016937]   node   0: [mem 0x000000007ad8f000-0x000000007ae37fff]
[    0.016937]   node   0: [mem 0x000000007ae8f000-0x000000007aed1fff]
[    0.016938]   node   0: [mem 0x000000007aeff000-0x000000007af82fff]
[    0.016939]   node   0: [mem 0x000000007aff0000-0x000000007affffff]
[    0.016940]   node   0: [mem 0x0000000100000000-0x000000027f5fffff]
[    0.016941] Initmem setup node 0 [mem 0x0000000000001000-0x000000027f5fffff]
[    0.016945] On node 0, zone DMA: 1 pages in unavailable ranges
[    0.016946] On node 0, zone DMA: 1 pages in unavailable ranges
[    0.016947] On node 0, zone DMA: 1 pages in unavailable ranges
[    0.016970] On node 0, zone DMA: 96 pages in unavailable ranges
[    0.019979] On node 0, zone DMA32: 67 pages in unavailable ranges
[    0.019983] On node 0, zone DMA32: 52 pages in unavailable ranges
[    0.019985] On node 0, zone DMA32: 87 pages in unavailable ranges
[    0.019986] On node 0, zone DMA32: 45 pages in unavailable ranges
[    0.019988] On node 0, zone DMA32: 109 pages in unavailable ranges
[    0.029508] On node 0, zone Normal: 20480 pages in unavailable ranges
[    0.029538] On node 0, zone Normal: 2560 pages in unavailable ranges
[    0.029704] Reserving Intel graphics memory at [mem 0x7ba00000-0x7f9fffff]
[    0.029775] ACPI: PM-Timer IO Port: 0x1808
[    0.029782] ACPI: LAPIC_NMI (acpi_id[0x01] high edge lint[0x1])
[    0.029783] ACPI: LAPIC_NMI (acpi_id[0x02] high edge lint[0x1])
[    0.029784] ACPI: LAPIC_NMI (acpi_id[0x03] high edge lint[0x1])
[    0.029785] ACPI: LAPIC_NMI (acpi_id[0x04] high edge lint[0x1])
[    0.029785] ACPI: LAPIC_NMI (acpi_id[0x05] high edge lint[0x1])
[    0.029786] ACPI: LAPIC_NMI (acpi_id[0x06] high edge lint[0x1])
[    0.029787] ACPI: LAPIC_NMI (acpi_id[0x07] high edge lint[0x1])
[    0.029788] ACPI: LAPIC_NMI (acpi_id[0x08] high edge lint[0x1])
[    0.029801] IOAPIC[0]: apic_id 2, version 32, address 0xfec00000, GSI 0-23
[    0.029804] ACPI: INT_SRC_OVR (bus 0 bus_irq 0 global_irq 2 dfl dfl)
[    0.029806] ACPI: INT_SRC_OVR (bus 0 bus_irq 9 global_irq 9 high level)
[    0.029810] ACPI: Using ACPI (MADT) for SMP configuration information
[    0.029811] ACPI: HPET id: 0x8086a201 base: 0xfed00000
[    0.029814] TSC deadline timer available
[    0.029815] smpboot: Allowing 8 CPUs, 0 hotplug CPUs
[    0.029831] PM: hibernation: Registered nosave memory: [mem 0x00000000-0x00000fff]
[    0.029833] PM: hibernation: Registered nosave memory: [mem 0x00058000-0x00058fff]
[    0.029834] PM: hibernation: Registered nosave memory: [mem 0x0008f000-0x0008ffff]
[    0.029836] PM: hibernation: Registered nosave memory: [mem 0x000a0000-0x000bffff]
[    0.029836] PM: hibernation: Registered nosave memory: [mem 0x000c0000-0x000fffff]
[    0.029838] PM: hibernation: Registered nosave memory: [mem 0x75226000-0x75226fff]
[    0.029839] PM: hibernation: Registered nosave memory: [mem 0x75236000-0x75236fff]
[    0.029841] PM: hibernation: Registered nosave memory: [mem 0x7523a000-0x7523afff]
[    0.029842] PM: hibernation: Registered nosave memory: [mem 0x7523a000-0x7523afff]
[    0.029844] PM: hibernation: Registered nosave memory: [mem 0x7ad10000-0x7ad52fff]
[    0.029845] PM: hibernation: Registered nosave memory: [mem 0x7ad5b000-0x7ad8efff]
[    0.029847] PM: hibernation: Registered nosave memory: [mem 0x7ae38000-0x7ae8efff]
[    0.029848] PM: hibernation: Registered nosave memory: [mem 0x7aed2000-0x7aefefff]
[    0.029850] PM: hibernation: Registered nosave memory: [mem 0x7af83000-0x7afeffff]
[    0.029851] PM: hibernation: Registered nosave memory: [mem 0x7b000000-0x7f9fffff]
[    0.029852] PM: hibernation: Registered nosave memory: [mem 0x7fa00000-0xe00f7fff]
[    0.029853] PM: hibernation: Registered nosave memory: [mem 0xe00f8000-0xe00f8fff]
[    0.029854] PM: hibernation: Registered nosave memory: [mem 0xe00f9000-0xfed1bfff]
[    0.029854] PM: hibernation: Registered nosave memory: [mem 0xfed1c000-0xfed1ffff]
[    0.029855] PM: hibernation: Registered nosave memory: [mem 0xfed20000-0xffe0ffff]
[    0.029855] PM: hibernation: Registered nosave memory: [mem 0xffe10000-0xffe3ffff]
[    0.029856] PM: hibernation: Registered nosave memory: [mem 0xffe40000-0xffffffff]
[    0.029858] [mem 0x7fa00000-0xe00f7fff] available for PCI devices
[    0.029860] Booting paravirtualized kernel on bare hardware
[    0.029862] clocksource: refined-jiffies: mask: 0xffffffff max_cycles: 0xffffffff, max_idle_ns: 7645519600211568 ns
[    0.029869] setup_percpu: NR_CPUS:8192 nr_cpumask_bits:8 nr_cpu_ids:8 nr_node_ids:1
[    0.030268] percpu: Embedded 63 pages/cpu s221184 r8192 d28672 u262144
[    0.030274] pcpu-alloc: s221184 r8192 d28672 u262144 alloc=1*2097152
[    0.030277] pcpu-alloc: [0] 0 1 2 3 4 5 6 7
[    0.030299] Kernel command line: BOOT_IMAGE=/boot/vmlinuz-6.5.0-14-generic root=UUID=105c53dd-9b0d-4a8b-b85f-60c137a5a20e ro
[    0.030334] Unknown kernel command line parameters "BOOT_IMAGE=/boot/vmlinuz-6.5.0-14-generic", will be passed to user space.
[    0.030358] random: crng init done
[    0.031422] Dentry cache hash table entries: 1048576 (order: 11, 8388608 bytes, linear)
[    0.032190] Inode-cache hash table entries: 524288 (order: 10, 4194304 bytes, linear)
[    0.032291] Fallback order for Node 0: 0
[    0.032294] Built 1 zonelists, mobility grouping on.  Total pages: 2041093
[    0.032295] Policy zone: Normal
[    0.032300] mem auto-init: stack:all(zero), heap alloc:on, heap free:off
[    0.032307] software IO TLB: area num 8.
[    0.070265] Memory: 7596764K/8294612K available (20480K kernel code, 4265K rwdata, 13180K rodata, 4792K init, 17396K bss, 697588K reserved, 0K cma-reserved)
[    0.070483] SLUB: HWalign=64, Order=0-3, MinObjects=0, CPUs=8, Nodes=1
[    0.070494] Kernel/User page tables isolation: enabled
[    0.070528] ftrace: allocating 55226 entries in 216 pages
[    0.083144] ftrace: allocated 216 pages with 4 groups
[    0.084405] Dynamic Preempt: voluntary
[    0.084438] rcu: Preemptible hierarchical RCU implementation.
[    0.084438] rcu: 	RCU restricting CPUs from NR_CPUS=8192 to nr_cpu_ids=8.
[    0.084440] 	Trampoline variant of Tasks RCU enabled.
[    0.084440] 	Rude variant of Tasks RCU enabled.
[    0.084441] 	Tracing variant of Tasks RCU enabled.
[    0.084441] rcu: RCU calculated value of scheduler-enlistment delay is 25 jiffies.
[    0.084442] rcu: Adjusting geometry for rcu_fanout_leaf=16, nr_cpu_ids=8
[    0.087194] NR_IRQS: 524544, nr_irqs: 488, preallocated irqs: 16
[    0.087392] rcu: srcu_init: Setting srcu_struct sizes based on contention.
[    0.087461] Console: colour dummy device 80x25
[    0.087463] printk: console [tty0] enabled
[    0.087848] ACPI: Core revision 20230331
[    0.087954] clocksource: hpet: mask: 0xffffffff max_cycles: 0xffffffff, max_idle_ns: 133484882848 ns
[    0.087976] APIC: Switch to symmetric I/O mode setup
[    0.087979] DMAR: Host address width 39
[    0.087981] DMAR: DRHD base: 0x000000fed90000 flags: 0x0
[    0.087987] DMAR: dmar0: reg_base_addr fed90000 ver 1:0 cap c0000020660462 ecap f0101a
[    0.087991] DMAR: DRHD base: 0x000000fed91000 flags: 0x1
[    0.087995] DMAR: dmar1: reg_base_addr fed91000 ver 1:0 cap d2008020660462 ecap f010da
[    0.087998] DMAR: RMRR base: 0x0000007b800000 end: 0x0000007f9fffff
[    0.088002] DMAR-IR: IOAPIC id 2 under DRHD base  0xfed91000 IOMMU 1
[    0.088005] DMAR-IR: HPET id 0 under DRHD base 0xfed91000
[    0.088008] DMAR-IR: Queued invalidation will be enabled to support x2apic and Intr-remapping.
[    0.088648] DMAR-IR: Enabled IRQ remapping in x2apic mode
[    0.088651] x2apic enabled
[    0.088664] Switched APIC routing to cluster x2apic.
[    0.089112] ..TIMER: vector=0x30 apic1=0 pin1=2 apic2=-1 pin2=-1
[    0.107974] clocksource: tsc-early: mask: 0xffffffffffffffff max_cycles: 0x21142d95f16, max_idle_ns: 440795292453 ns
[    0.107982] Calibrating delay loop (skipped), value calculated using timer frequency.. 4589.68 BogoMIPS (lpj=9179372)
[    0.108007] CPU0: Thermal monitoring enabled (TM1)
[    0.108037] process: using mwait in idle threads
[    0.108041] Last level iTLB entries: 4KB 1024, 2MB 1024, 4MB 1024
[    0.108044] Last level dTLB entries: 4KB 1024, 2MB 1024, 4MB 1024, 1GB 4
[    0.108048] Spectre V1 : Mitigation: usercopy/swapgs barriers and __user pointer sanitization
[    0.108052] Spectre V2 : Mitigation: Retpolines
[    0.108054] Spectre V2 : Spectre v2 / SpectreRSB mitigation: Filling RSB on context switch
[    0.108057] Spectre V2 : Spectre v2 / SpectreRSB : Filling RSB on VMEXIT
[    0.108059] Spectre V2 : Enabling Restricted Speculation for firmware calls
[    0.108062] Spectre V2 : mitigation: Enabling conditional Indirect Branch Prediction Barrier
[    0.108065] Spectre V2 : User space: Mitigation: STIBP via prctl
[    0.108067] Speculative Store Bypass: Mitigation: Speculative Store Bypass disabled via prctl
[    0.108072] MDS: Mitigation: Clear CPU buffers
[    0.108074] MMIO Stale Data: Unknown: No mitigations
[    0.108076] SRBDS: Mitigation: Microcode
[    0.108082] x86/fpu: Supporting XSAVE feature 0x001: 'x87 floating point registers'
[    0.108085] x86/fpu: Supporting XSAVE feature 0x002: 'SSE registers'
[    0.108088] x86/fpu: Supporting XSAVE feature 0x004: 'AVX registers'
[    0.108090] x86/fpu: xstate_offset[2]:  576, xstate_sizes[2]:  256
[    0.108093] x86/fpu: Enabled xstate features 0x7, context size is 832 bytes, using 'standard' format.
[    0.128180] Freeing SMP alternatives memory: 44K
[    0.128188] pid_max: default: 32768 minimum: 301
[    0.147420] LSM: initializing lsm=lockdown,capability,landlock,yama,apparmor,integrity
[    0.147436] landlock: Up and running.
[    0.147437] Yama: becoming mindful.
[    0.147463] AppArmor: AppArmor initialized
[    0.147499] Mount-cache hash table entries: 16384 (order: 5, 131072 bytes, linear)
[    0.147510] Mountpoint-cache hash table entries: 16384 (order: 5, 131072 bytes, linear)
[    0.148018] smpboot: CPU0: Intel(R) Core(TM) i7-4850HQ CPU @ 2.30GHz (family: 0x6, model: 0x46, stepping: 0x1)
[    0.148131] RCU Tasks: Setting shift to 3 and lim to 1 rcu_task_cb_adjust=1.
[    0.148147] RCU Tasks Rude: Setting shift to 3 and lim to 1 rcu_task_cb_adjust=1.
[    0.148160] RCU Tasks Trace: Setting shift to 3 and lim to 1 rcu_task_cb_adjust=1.
[    0.148173] Performance Events: PEBS fmt2+, Haswell events, 16-deep LBR, full-width counters, Intel PMU driver.
[    0.148209] ... version:                3
[    0.148211] ... bit width:              48
[    0.148213] ... generic registers:      4
[    0.148214] ... value mask:             0000ffffffffffff
[    0.148216] ... max period:             00007fffffffffff
[    0.148218] ... fixed-purpose events:   3
[    0.148219] ... event mask:             000000070000000f
[    0.148330] signal: max sigframe size: 1776
[    0.148344] Estimated ratio of average max frequency by base frequency (times 1024): 1469
[    0.148367] rcu: Hierarchical SRCU implementation.
[    0.148369] rcu: 	Max phase no-delay instances is 1000.
[    0.149035] NMI watchdog: Enabled. Permanently consumes one hw-PMU counter.
[    0.149109] smp: Bringing up secondary CPUs ...
[    0.149197] smpboot: x86: Booting SMP configuration:
[    0.149200] .... node  #0, CPUs:      #1 #2 #3 #4 #5 #6 #7
[    0.163998] MDS CPU bug present and SMT on, data leak possible. See https://www.kernel.org/doc/html/latest/admin-guide/hw-vuln/mds.html for more details.
[    0.164481] smp: Brought up 1 node, 8 CPUs
[    0.164481] smpboot: Max logical packages: 1
[    0.164481] smpboot: Total of 8 processors activated (36717.48 BogoMIPS)
[    0.168279] devtmpfs: initialized
[    0.168279] x86/mm: Memory block size: 128MB
[    0.168623] ACPI: PM: Registering ACPI NVS region [mem 0x7ad10000-0x7ad52fff] (274432 bytes)
[    0.168623] clocksource: jiffies: mask: 0xffffffff max_cycles: 0xffffffff, max_idle_ns: 7645041785100000 ns
[    0.168623] futex hash table entries: 2048 (order: 5, 131072 bytes, linear)
[    0.168623] pinctrl core: initialized pinctrl subsystem
[    0.168623] PM: RTC time: 05:51:31, date: 2024-01-23
[    0.168623] NET: Registered PF_NETLINK/PF_ROUTE protocol family
[    0.168725] DMA: preallocated 1024 KiB GFP_KERNEL pool for atomic allocations
[    0.168791] DMA: preallocated 1024 KiB GFP_KERNEL|GFP_DMA pool for atomic allocations
[    0.168854] DMA: preallocated 1024 KiB GFP_KERNEL|GFP_DMA32 pool for atomic allocations
[    0.168872] thermal_sys: Registered thermal governor 'fair_share'
[    0.168872] thermal_sys: Registered thermal governor 'bang_bang'
[    0.168872] thermal_sys: Registered thermal governor 'step_wise'
[    0.168872] thermal_sys: Registered thermal governor 'user_space'
[    0.168872] thermal_sys: Registered thermal governor 'power_allocator'
[    0.168872] EISA bus registered
[    0.168872] cpuidle: using governor ladder
[    0.168872] cpuidle: using governor menu
[    0.168872] acpiphp: ACPI Hot Plug PCI Controller Driver version: 0.5
[    0.168872] PCI: MMCONFIG for domain 0000 [bus 00-9b] at [mem 0xe0000000-0xe9bfffff] (base 0xe0000000)
[    0.168872] PCI: not using MMCONFIG
[    0.168872] PCI: Using configuration type 1 for base access
[    0.168872] core: PMU erratum BJ122, BV98, HSD29 worked around, HT is on
[    0.168872] ENERGY_PERF_BIAS: Set to 'normal', was 'performance'
[    0.168872] kprobes: kprobe jump-optimization is enabled. All kprobes are optimized if possible.
[    0.168872] HugeTLB: registered 1.00 GiB page size, pre-allocated 0 pages
[    0.168872] HugeTLB: 16380 KiB vmemmap can be freed for a 1.00 GiB page
[    0.168872] HugeTLB: registered 2.00 MiB page size, pre-allocated 0 pages
[    0.168872] HugeTLB: 28 KiB vmemmap can be freed for a 2.00 MiB page
[    0.168872] fbcon: Taking over console
[    0.168872] ACPI: Disabled all _OSI OS vendors
[    0.168872] ACPI: Added _OSI(Module Device)
[    0.168872] ACPI: Added _OSI(Processor Device)
[    0.168872] ACPI: Added _OSI(3.0 _SCP Extensions)
[    0.168872] ACPI: Added _OSI(Processor Aggregator Device)
[    0.168872] ACPI: Added _OSI(Darwin)
[    0.181792] ACPI: 10 ACPI AML tables successfully acquired and loaded
[    0.182409] ACPI: EC: EC started
[    0.182411] ACPI: EC: interrupt blocked
[    0.182826] ACPI: EC: EC_CMD/EC_SC=0x66, EC_DATA=0x62
[    0.182828] ACPI: EC: Boot ECDT EC used to handle transactions
[    0.182999] ACPI: BIOS _OSI(Darwin) query honored via DMI
[    0.183563] ACPI: [Firmware Bug]: BIOS _OSI(Linux) query ignored
[    0.183619] ACPI Error: Needed type [Reference], found [Integer] (____ptrval____) (20230331/exresop-66)
[    0.183619] ACPI Error: AE_AML_OPERAND_TYPE, While resolving operands for [Store] (20230331/dswexec-433)

[    0.183619] No Local Variables are initialized for Method [_PDC]

[    0.183619] Initialized Arguments for Method [_PDC]:  (1 arguments defined for method invocation)
[    0.183619]   Arg0:   (____ptrval____) <Obj>           Buffer(12) 01 00 00 00 01 00 00 00

[    0.183619] ACPI Error: Aborting method \_PR.CPU0._PDC due to previous error (AE_AML_OPERAND_TYPE) (20230331/psparse-529)
[    0.184072] ACPI: Dynamic OEM Table Load:
[    0.184080] ACPI: SSDT 0xFFFF95E4C0FEF800 00067C (v01 PmRef  ApIst    00003000 INTL 20100915)
[    0.185029] ACPI: Dynamic OEM Table Load:
[    0.185035] ACPI: SSDT 0xFFFF95E4C02F1A00 000119 (v01 PmRef  ApCst    00003000 INTL 20100915)
[    0.186932] ACPI: Interpreter enabled
[    0.186950] ACPI: PM: (supports S0 S3 S4 S5)
[    0.186952] ACPI: Using IOAPIC for interrupt routing
[    0.187870] PCI: MMCONFIG for domain 0000 [bus 00-9b] at [mem 0xe0000000-0xe9bfffff] (base 0xe0000000)
[    0.188363] PCI: MMCONFIG at [mem 0xe0000000-0xe9bfffff] reserved as ACPI motherboard resource
[    0.188374] PCI: Using host bridge windows from ACPI; if necessary, use "pci=nocrs" and report a bug
[    0.188377] PCI: Using E820 reservations for host bridge windows
[    0.188588] ACPI: Enabled 5 GPEs in block 00 to 3F
[    0.196268] ACPI: PCI Root Bridge [PCI0] (domain 0000 [bus 00-ff])
[    0.196276] acpi PNP0A08:00: _OSC: OS assumes control of [PCIeHotplug SHPCHotplug AER PCIeCapability LTR DPC]
[    0.196288] acpi PNP0A08:00: [Firmware Info]: MMCONFIG for domain 0000 [bus 00-9b] only partially covers this bridge
[    0.196621] PCI host bridge to bus 0000:00
[    0.196624] pci_bus 0000:00: root bus resource [io  0x0000-0x0cf7 window]
[    0.196627] pci_bus 0000:00: root bus resource [io  0x0d00-0xffff window]
[    0.196631] pci_bus 0000:00: root bus resource [mem 0x000a0000-0x000fffff window]
[    0.196634] pci_bus 0000:00: root bus resource [mem 0x7fa00000-0xfeafffff window]
[    0.196637] pci_bus 0000:00: root bus resource [mem 0xfed40000-0xfed44fff window]
[    0.196639] pci_bus 0000:00: root bus resource [bus 00-ff]
[    0.196658] pci 0000:00:00.0: [8086:0d04] type 00 class 0x060000
[    0.196741] pci 0000:00:01.0: [8086:0d01] type 01 class 0x060400
[    0.196775] pci 0000:00:01.0: PME# supported from D0 D3hot D3cold
[    0.196920] pci 0000:00:02.0: [8086:0d26] type 00 class 0x030000
[    0.196929] pci 0000:00:02.0: reg 0x10: [mem 0xa0000000-0xa03fffff 64bit]
[    0.196935] pci 0000:00:02.0: reg 0x18: [mem 0x90000000-0x9fffffff 64bit pref]
[    0.196940] pci 0000:00:02.0: reg 0x20: [io  0x2000-0x203f]
[    0.196950] pci 0000:00:02.0: BAR 2: assigned to efifb
[    0.196954] pci 0000:00:02.0: Video device with shadowed ROM at [mem 0x000c0000-0x000dffff]
[    0.197074] pci 0000:00:03.0: [8086:0d0c] type 00 class 0x040300
[    0.197083] pci 0000:00:03.0: reg 0x10: [mem 0xa0a10000-0xa0a13fff 64bit]
[    0.197227] pci 0000:00:14.0: [8086:8c31] type 00 class 0x0c0330
[    0.197248] pci 0000:00:14.0: reg 0x10: [mem 0xa0a00000-0xa0a0ffff 64bit]
[    0.197301] pci 0000:00:14.0: PME# supported from D3hot D3cold
[    0.197578] pci 0000:00:16.0: [8086:8c3a] type 00 class 0x078000
[    0.197600] pci 0000:00:16.0: reg 0x10: [mem 0xa0a19100-0xa0a1910f 64bit]
[    0.197654] pci 0000:00:16.0: PME# supported from D0 D3hot D3cold
[    0.197711] pci 0000:00:1b.0: [8086:8c20] type 00 class 0x040300
[    0.197727] pci 0000:00:1b.0: reg 0x10: [mem 0xa0a14000-0xa0a17fff 64bit]
[    0.197790] pci 0000:00:1b.0: PME# supported from D0 D3hot D3cold
[    0.197877] pci 0000:00:1c.0: [8086:8c10] type 01 class 0x060400
[    0.197949] pci 0000:00:1c.0: PME# supported from D0 D3hot D3cold
[    0.198021] pci 0000:00:1c.2: [8086:8c14] type 01 class 0x060400
[    0.198097] pci 0000:00:1c.2: PME# supported from D0 D3hot D3cold
[    0.198195] pci 0000:00:1c.3: [8086:8c16] type 01 class 0x060400
[    0.198271] pci 0000:00:1c.3: PME# supported from D0 D3hot D3cold
[    0.198364] pci 0000:00:1c.4: [8086:8c18] type 01 class 0x060400
[    0.198440] pci 0000:00:1c.4: PME# supported from D0 D3hot D3cold
[    0.198539] pci 0000:00:1f.0: [8086:8c4b] type 00 class 0x060100
[    0.198694] pci 0000:00:1f.3: [8086:8c22] type 00 class 0x0c0500
[    0.198710] pci 0000:00:1f.3: reg 0x10: [mem 0xa0a19000-0xa0a190ff 64bit]
[    0.198729] pci 0000:00:1f.3: reg 0x20: [io  0xefa0-0xefbf]
[    0.198852] pci 0000:05:00.0: [8086:156d] type 01 class 0x060400
[    0.198941] pci 0000:05:00.0: supports D1 D2
[    0.198943] pci 0000:05:00.0: PME# supported from D0 D1 D2 D3hot D3cold
[    0.199244] pci 0000:00:01.0: PCI bridge to [bus 05-9b]
[    0.199248] pci 0000:00:01.0:   bridge window [io  0x3000-0x5fff]
[    0.199252] pci 0000:00:01.0:   bridge window [mem 0xa0b00000-0xacbfffff]
[    0.199255] pci 0000:00:01.0:   bridge window [mem 0xacc00000-0xb8bfffff 64bit pref]
[    0.199364] pci 0000:06:00.0: [8086:156d] type 01 class 0x060400
[    0.199462] pci 0000:06:00.0: supports D1 D2
[    0.199464] pci 0000:06:00.0: PME# supported from D0 D1 D2 D3hot D3cold
[    0.199587] pci 0000:06:03.0: [8086:156d] type 01 class 0x060400
[    0.199680] pci 0000:06:03.0: supports D1 D2
[    0.199682] pci 0000:06:03.0: PME# supported from D0 D1 D2 D3hot D3cold
[    0.199814] pci 0000:06:04.0: [8086:156d] type 01 class 0x060400
[    0.199907] pci 0000:06:04.0: supports D1 D2
[    0.199909] pci 0000:06:04.0: PME# supported from D0 D1 D2 D3hot D3cold
[    0.200045] pci 0000:06:05.0: [8086:156d] type 01 class 0x060400
[    0.200139] pci 0000:06:05.0: supports D1 D2
[    0.200141] pci 0000:06:05.0: PME# supported from D0 D1 D2 D3hot D3cold
[    0.200272] pci 0000:06:06.0: [8086:156d] type 01 class 0x060400
[    0.200365] pci 0000:06:06.0: supports D1 D2
[    0.200367] pci 0000:06:06.0: PME# supported from D0 D1 D2 D3hot D3cold
[    0.200485] pci 0000:05:00.0: PCI bridge to [bus 06-6b]
[    0.200490] pci 0000:05:00.0:   bridge window [io  0x3000-0x4fff]
[    0.200494] pci 0000:05:00.0:   bridge window [mem 0xa0b00000-0xa8bfffff]
[    0.200499] pci 0000:05:00.0:   bridge window [mem 0xacc00000-0xb4bfffff 64bit pref]
[    0.200559] pci 0000:07:00.0: [8086:156c] type 00 class 0x088000
[    0.200577] pci 0000:07:00.0: reg 0x10: [mem 0xa0b00000-0xa0b3ffff]
[    0.200587] pci 0000:07:00.0: reg 0x14: [mem 0xa0b40000-0xa0b40fff]
[    0.200717] pci 0000:07:00.0: supports D1 D2
[    0.200719] pci 0000:07:00.0: PME# supported from D0 D1 D2 D3hot D3cold
[    0.201185] pci 0000:06:00.0: PCI bridge to [bus 07]
[    0.201193] pci 0000:06:00.0:   bridge window [mem 0xa0b00000-0xa0bfffff]
[    0.201260] pci 0000:06:03.0: PCI bridge to [bus 08-38]
[    0.201266] pci 0000:06:03.0:   bridge window [io  0x3000-0x3fff]
[    0.201270] pci 0000:06:03.0:   bridge window [mem 0xa0c00000-0xa4bfffff]
[    0.201276] pci 0000:06:03.0:   bridge window [mem 0xacc00000-0xb0bfffff 64bit pref]
[    0.201340] pci 0000:06:04.0: PCI bridge to [bus 39]
[    0.201407] pci 0000:06:05.0: PCI bridge to [bus 3a-6a]
[    0.201413] pci 0000:06:05.0:   bridge window [io  0x4000-0x4fff]
[    0.201417] pci 0000:06:05.0:   bridge window [mem 0xa4c00000-0xa8bfffff]
[    0.201422] pci 0000:06:05.0:   bridge window [mem 0xb0c00000-0xb4bfffff 64bit pref]
[    0.201453] pci 0000:06:06.0: PCI bridge to [bus 6b]
[    0.201520] pci 0000:00:1c.0: PCI bridge to [bus 01]
[    0.201647] pci 0000:02:00.0: [14e4:43a0] type 00 class 0x028000
[    0.201690] pci 0000:02:00.0: reg 0x10: [mem 0xa0600000-0xa0607fff 64bit]
[    0.201718] pci 0000:02:00.0: reg 0x18: [mem 0xa0400000-0xa05fffff 64bit]
[    0.201943] pci 0000:02:00.0: supports D1 D2
[    0.201945] pci 0000:02:00.0: PME# supported from D0 D1 D2 D3hot D3cold
[    0.202339] pci 0000:00:1c.2: PCI bridge to [bus 02]
[    0.202345] pci 0000:00:1c.2:   bridge window [mem 0xa0400000-0xa06fffff]
[    0.202430] pci 0000:03:00.0: [14e4:1570] type 00 class 0x048000
[    0.202456] pci 0000:03:00.0: reg 0x10: [mem 0xa0900000-0xa090ffff 64bit]
[    0.202473] pci 0000:03:00.0: reg 0x18: [mem 0x80000000-0x8fffffff 64bit pref]
[    0.202491] pci 0000:03:00.0: reg 0x20: [mem 0xa0800000-0xa08fffff 64bit]
[    0.202594] pci 0000:03:00.0: supports D1
[    0.202596] pci 0000:03:00.0: PME# supported from D0 D3hot
[    0.202812] pci 0000:00:1c.3: PCI bridge to [bus 03]
[    0.202819] pci 0000:00:1c.3:   bridge window [mem 0xa0800000-0xa09fffff]
[    0.202827] pci 0000:00:1c.3:   bridge window [mem 0x80000000-0x8fffffff 64bit pref]
[    0.202957] pci 0000:04:00.0: [144d:1600] type 00 class 0x010601
[    0.203021] pci 0000:04:00.0: reg 0x24: [mem 0xa0700000-0xa0701fff]
[    0.203033] pci 0000:04:00.0: reg 0x30: [mem 0xffff0000-0xffffffff pref]
[    0.203112] pci 0000:04:00.0: PME# supported from D3hot D3cold
[    0.203173] pci 0000:04:00.0: 8.000 Gb/s available PCIe bandwidth, limited by 5.0 GT/s PCIe x2 link at 0000:00:1c.4 (capable of 16.000 Gb/s with 5.0 GT/s PCIe x4 link)
[    0.203520] pci 0000:00:1c.4: PCI bridge to [bus 04]
[    0.203527] pci 0000:00:1c.4:   bridge window [mem 0xa0700000-0xa07fffff]
[    0.204620] ACPI: PCI: Interrupt link LNKA configured for IRQ 0
[    0.204624] ACPI: PCI: Interrupt link LNKA disabled
[    0.204682] ACPI: PCI: Interrupt link LNKB configured for IRQ 0
[    0.204684] ACPI: PCI: Interrupt link LNKB disabled
[    0.204744] ACPI: PCI: Interrupt link LNKC configured for IRQ 0
[    0.204747] ACPI: PCI: Interrupt link LNKC disabled
[    0.204806] ACPI: PCI: Interrupt link LNKD configured for IRQ 0
[    0.204808] ACPI: PCI: Interrupt link LNKD disabled
[    0.204868] ACPI: PCI: Interrupt link LNKE configured for IRQ 0
[    0.204870] ACPI: PCI: Interrupt link LNKE disabled
[    0.204932] ACPI: PCI: Interrupt link LNKF configured for IRQ 0
[    0.204934] ACPI: PCI: Interrupt link LNKF disabled
[    0.204994] ACPI: PCI: Interrupt link LNKG configured for IRQ 0
[    0.204996] ACPI: PCI: Interrupt link LNKG disabled
[    0.205051] ACPI: PCI: Interrupt link LNKH configured for IRQ 0
[    0.205054] ACPI: PCI: Interrupt link LNKH disabled
[    0.205908] ACPI: EC: interrupt unblocked
[    0.205912] ACPI: EC: event unblocked
[    0.205921] ACPI: EC: EC_CMD/EC_SC=0x66, EC_DATA=0x62
[    0.205923] ACPI: EC: GPE=0x17
[    0.205925] ACPI: \_SB_.PCI0.LPCB.EC__: Boot ECDT EC initialization complete
[    0.205928] ACPI: \_SB_.PCI0.LPCB.EC__: EC: Used to handle transactions and events
[    0.205994] iommu: Default domain type: Translated
[    0.205994] iommu: DMA domain TLB invalidation policy: lazy mode
[    0.205994] SCSI subsystem initialized
[    0.205994] libata version 3.00 loaded.
[    0.205994] ACPI: bus type USB registered
[    0.205994] usbcore: registered new interface driver usbfs
[    0.205994] usbcore: registered new interface driver hub
[    0.205994] usbcore: registered new device driver usb
[    0.205994] pps_core: LinuxPPS API ver. 1 registered
[    0.205994] pps_core: Software ver. 5.3.6 - Copyright 2005-2007 Rodolfo Giometti <giometti@linux.it>
[    0.205994] PTP clock support registered
[    0.205994] EDAC MC: Ver: 3.0.0
[    0.207984] efivars: Registered efivars operations
[    0.208163] NetLabel: Initializing
[    0.208166] NetLabel:  domain hash size = 128
[    0.208168] NetLabel:  protocols = UNLABELED CIPSOv4 CALIPSO
[    0.208183] NetLabel:  unlabeled traffic allowed by default
[    0.208196] mctp: management component transport protocol core
[    0.208196] NET: Registered PF_MCTP protocol family
[    0.208196] PCI: Using ACPI for IRQ routing
[    0.211247] PCI: pci_cache_line_size set to 64 bytes
[    0.211381] e820: reserve RAM buffer [mem 0x00058000-0x0005ffff]
[    0.211382] e820: reserve RAM buffer [mem 0x0008f000-0x0008ffff]
[    0.211383] e820: reserve RAM buffer [mem 0x75226190-0x77ffffff]
[    0.211385] e820: reserve RAM buffer [mem 0x7523a890-0x77ffffff]
[    0.211386] e820: reserve RAM buffer [mem 0x7ad10000-0x7bffffff]
[    0.211387] e820: reserve RAM buffer [mem 0x7ad5b000-0x7bffffff]
[    0.211388] e820: reserve RAM buffer [mem 0x7ae38000-0x7bffffff]
[    0.211389] e820: reserve RAM buffer [mem 0x7aed2000-0x7bffffff]
[    0.211390] e820: reserve RAM buffer [mem 0x7af83000-0x7bffffff]
[    0.211391] e820: reserve RAM buffer [mem 0x7b000000-0x7bffffff]
[    0.211392] e820: reserve RAM buffer [mem 0x27f600000-0x27fffffff]
[    0.211420] pci 0000:00:02.0: vgaarb: setting as boot VGA device
[    0.211420] pci 0000:00:02.0: vgaarb: bridge control possible
[    0.211420] pci 0000:00:02.0: vgaarb: VGA device added: decodes=io+mem,owns=io+mem,locks=none
[    0.211420] vgaarb: loaded
[    0.212876] hpet0: at MMIO 0xfed00000, IRQs 2, 8, 0, 0, 0, 0, 0, 0
[    0.212887] hpet0: 8 comparators, 64-bit 14.318180 MHz counter
[    0.214939] clocksource: Switched to clocksource tsc-early
[    0.221869] VFS: Disk quotas dquot_6.6.0
[    0.221884] VFS: Dquot-cache hash table entries: 512 (order 0, 4096 bytes)
[    0.222007] AppArmor: AppArmor Filesystem Enabled
[    0.222029] pnp: PnP ACPI init
[    0.222862] system 00:00: [mem 0xfed00000-0xfed03fff] has been reserved
[    0.222907] system 00:01: [io  0xffff] has been reserved
[    0.222910] system 00:01: [io  0x1800-0x187f] has been reserved
[    0.222913] system 00:01: [io  0x0800-0x087f] has been reserved
[    0.223130] system 00:04: [mem 0xfed1c000-0xfed1ffff] has been reserved
[    0.223135] system 00:04: [mem 0xfed10000-0xfed17fff] has been reserved
[    0.223137] system 00:04: [mem 0xfed18000-0xfed18fff] has been reserved
[    0.223140] system 00:04: [mem 0xfed19000-0xfed19fff] has been reserved
[    0.223143] system 00:04: [mem 0xe0000000-0xefffffff] could not be reserved
[    0.223145] system 00:04: [mem 0xfed20000-0xfed3ffff] has been reserved
[    0.223148] system 00:04: [mem 0xfed90000-0xfed93fff] could not be reserved
[    0.223151] system 00:04: [mem 0xfed45000-0xfed8ffff] has been reserved
[    0.223153] system 00:04: [mem 0xff000000-0xffffffff] could not be reserved
[    0.223156] system 00:04: [mem 0xfee00000-0xfeefffff] has been reserved
[    0.223211] system 00:05: [mem 0x20000000-0x201fffff] could not be reserved
[    0.223215] system 00:05: [mem 0x40000000-0x401fffff] could not be reserved
[    0.223372] pnp: PnP ACPI: found 6 devices
[    0.224393] pci 0000:00:02.0: assigning 4 device properties
[    0.224408] pci 0000:07:00.0: assigning 8 device properties
[    0.224416] pci 0000:00:1b.0: assigning 4 device properties
[    0.228964] clocksource: acpi_pm: mask: 0xffffff max_cycles: 0xffffff, max_idle_ns: 2085701024 ns
[    0.229012] NET: Registered PF_INET protocol family
[    0.229092] IP idents hash table entries: 131072 (order: 8, 1048576 bytes, linear)
[    0.230451] tcp_listen_portaddr_hash hash table entries: 4096 (order: 4, 65536 bytes, linear)
[    0.230484] Table-perturb hash table entries: 65536 (order: 6, 262144 bytes, linear)
[    0.230526] TCP established hash table entries: 65536 (order: 7, 524288 bytes, linear)
[    0.230683] TCP bind hash table entries: 65536 (order: 9, 2097152 bytes, linear)
[    0.230896] TCP: Hash tables configured (established 65536 bind 65536)
[    0.230960] MPTCP token hash table entries: 8192 (order: 5, 196608 bytes, linear)
[    0.230985] UDP hash table entries: 4096 (order: 5, 131072 bytes, linear)
[    0.231007] UDP-Lite hash table entries: 4096 (order: 5, 131072 bytes, linear)
[    0.231047] NET: Registered PF_UNIX/PF_LOCAL protocol family
[    0.231055] NET: Registered PF_XDP protocol family
[    0.231060] pci 0000:04:00.0: can't claim BAR 6 [mem 0xffff0000-0xffffffff pref]: no compatible bridge window
[    0.231067] pci 0000:06:00.0: bridge window [io  0x1000-0x0fff] to [bus 07] add_size 1000
[    0.231072] pci 0000:06:00.0: bridge window [mem 0x00100000-0x000fffff 64bit pref] to [bus 07] add_size 200000 add_align 100000
[    0.231076] pci 0000:06:04.0: bridge window [io  0x1000-0x0fff] to [bus 39] add_size 1000
[    0.231080] pci 0000:06:04.0: bridge window [mem 0x00100000-0x000fffff 64bit pref] to [bus 39] add_size 200000 add_align 100000
[    0.231083] pci 0000:06:04.0: bridge window [mem 0x00100000-0x000fffff] to [bus 39] add_size 200000 add_align 100000
[    0.231087] pci 0000:06:06.0: bridge window [io  0x1000-0x0fff] to [bus 6b] add_size 1000
[    0.231090] pci 0000:06:06.0: bridge window [mem 0x00100000-0x000fffff 64bit pref] to [bus 6b] add_size 200000 add_align 100000
[    0.231094] pci 0000:06:06.0: bridge window [mem 0x00100000-0x000fffff] to [bus 6b] add_size 200000 add_align 100000
[    0.231098] pci 0000:00:1c.0: bridge window [io  0x1000-0x0fff] to [bus 01] add_size 1000
[    0.231101] pci 0000:00:1c.0: bridge window [mem 0x00100000-0x000fffff 64bit pref] to [bus 01] add_size 200000 add_align 100000
[    0.231104] pci 0000:00:1c.0: bridge window [mem 0x00100000-0x000fffff] to [bus 01] add_size 200000 add_align 100000
[    0.231114] pci 0000:00:1c.0: BAR 14: assigned [mem 0x7fa00000-0x7fbfffff]
[    0.231118] pci 0000:00:1c.0: BAR 15: assigned [mem 0x7fc00000-0x7fdfffff 64bit pref]
[    0.231122] pci 0000:00:1c.0: BAR 13: assigned [io  0x6000-0x6fff]
[    0.231128] pci 0000:06:00.0: BAR 15: no space for [mem size 0x00200000 64bit pref]
[    0.231131] pci 0000:06:00.0: BAR 15: failed to assign [mem size 0x00200000 64bit pref]
[    0.231135] pci 0000:06:04.0: BAR 14: no space for [mem size 0x00200000]
[    0.231137] pci 0000:06:04.0: BAR 14: failed to assign [mem size 0x00200000]
[    0.231140] pci 0000:06:04.0: BAR 15: no space for [mem size 0x00200000 64bit pref]
[    0.231143] pci 0000:06:04.0: BAR 15: failed to assign [mem size 0x00200000 64bit pref]
[    0.231146] pci 0000:06:06.0: BAR 14: no space for [mem size 0x00200000]
[    0.231149] pci 0000:06:06.0: BAR 14: failed to assign [mem size 0x00200000]
[    0.231152] pci 0000:06:06.0: BAR 15: no space for [mem size 0x00200000 64bit pref]
[    0.231155] pci 0000:06:06.0: BAR 15: failed to assign [mem size 0x00200000 64bit pref]
[    0.231157] pci 0000:06:00.0: BAR 13: no space for [io  size 0x1000]
[    0.231160] pci 0000:06:00.0: BAR 13: failed to assign [io  size 0x1000]
[    0.231162] pci 0000:06:04.0: BAR 13: no space for [io  size 0x1000]
[    0.231164] pci 0000:06:04.0: BAR 13: failed to assign [io  size 0x1000]
[    0.231167] pci 0000:06:06.0: BAR 13: no space for [io  size 0x1000]
[    0.231169] pci 0000:06:06.0: BAR 13: failed to assign [io  size 0x1000]
[    0.231173] pci 0000:06:06.0: BAR 14: no space for [mem size 0x00200000]
[    0.231175] pci 0000:06:06.0: BAR 14: failed to assign [mem size 0x00200000]
[    0.231178] pci 0000:06:06.0: BAR 15: no space for [mem size 0x00200000 64bit pref]
[    0.231181] pci 0000:06:06.0: BAR 15: failed to assign [mem size 0x00200000 64bit pref]
[    0.231183] pci 0000:06:06.0: BAR 13: no space for [io  size 0x1000]
[    0.231186] pci 0000:06:06.0: BAR 13: failed to assign [io  size 0x1000]
[    0.231188] pci 0000:06:04.0: BAR 14: no space for [mem size 0x00200000]
[    0.231191] pci 0000:06:04.0: BAR 14: failed to assign [mem size 0x00200000]
[    0.231194] pci 0000:06:04.0: BAR 15: no space for [mem size 0x00200000 64bit pref]
[    0.231196] pci 0000:06:04.0: BAR 15: failed to assign [mem size 0x00200000 64bit pref]
[    0.231199] pci 0000:06:04.0: BAR 13: no space for [io  size 0x1000]
[    0.231202] pci 0000:06:04.0: BAR 13: failed to assign [io  size 0x1000]
[    0.231204] pci 0000:06:00.0: BAR 15: no space for [mem size 0x00200000 64bit pref]
[    0.231207] pci 0000:06:00.0: BAR 15: failed to assign [mem size 0x00200000 64bit pref]
[    0.231210] pci 0000:06:00.0: BAR 13: no space for [io  size 0x1000]
[    0.231212] pci 0000:06:00.0: BAR 13: failed to assign [io  size 0x1000]
[    0.231215] pci 0000:06:00.0: PCI bridge to [bus 07]
[    0.231221] pci 0000:06:00.0:   bridge window [mem 0xa0b00000-0xa0bfffff]
[    0.231228] pci 0000:06:03.0: PCI bridge to [bus 08-38]
[    0.231231] pci 0000:06:03.0:   bridge window [io  0x3000-0x3fff]
[    0.231236] pci 0000:06:03.0:   bridge window [mem 0xa0c00000-0xa4bfffff]
[    0.231240] pci 0000:06:03.0:   bridge window [mem 0xacc00000-0xb0bfffff 64bit pref]
[    0.231246] pci 0000:06:04.0: PCI bridge to [bus 39]
[    0.231256] pci 0000:06:05.0: PCI bridge to [bus 3a-6a]
[    0.231258] pci 0000:06:05.0:   bridge window [io  0x4000-0x4fff]
[    0.231263] pci 0000:06:05.0:   bridge window [mem 0xa4c00000-0xa8bfffff]
[    0.231267] pci 0000:06:05.0:   bridge window [mem 0xb0c00000-0xb4bfffff 64bit pref]
[    0.231273] pci 0000:06:06.0: PCI bridge to [bus 6b]
[    0.231282] pci 0000:05:00.0: PCI bridge to [bus 06-6b]
[    0.231285] pci 0000:05:00.0:   bridge window [io  0x3000-0x4fff]
[    0.231289] pci 0000:05:00.0:   bridge window [mem 0xa0b00000-0xa8bfffff]
[    0.231293] pci 0000:05:00.0:   bridge window [mem 0xacc00000-0xb4bfffff 64bit pref]
[    0.231299] pci 0000:00:01.0: PCI bridge to [bus 05-9b]
[    0.231301] pci 0000:00:01.0:   bridge window [io  0x3000-0x5fff]
[    0.231304] pci 0000:00:01.0:   bridge window [mem 0xa0b00000-0xacbfffff]
[    0.231307] pci 0000:00:01.0:   bridge window [mem 0xacc00000-0xb8bfffff 64bit pref]
[    0.231312] pci 0000:00:1c.0: PCI bridge to [bus 01]
[    0.231320] pci 0000:00:1c.0:   bridge window [io  0x6000-0x6fff]
[    0.231325] pci 0000:00:1c.0:   bridge window [mem 0x7fa00000-0x7fbfffff]
[    0.231330] pci 0000:00:1c.0:   bridge window [mem 0x7fc00000-0x7fdfffff 64bit pref]
[    0.231337] pci 0000:00:1c.2: PCI bridge to [bus 02]
[    0.231342] pci 0000:00:1c.2:   bridge window [mem 0xa0400000-0xa06fffff]
[    0.231350] pci 0000:00:1c.3: PCI bridge to [bus 03]
[    0.231355] pci 0000:00:1c.3:   bridge window [mem 0xa0800000-0xa09fffff]
[    0.231360] pci 0000:00:1c.3:   bridge window [mem 0x80000000-0x8fffffff 64bit pref]
[    0.231367] pci 0000:04:00.0: BAR 6: assigned [mem 0xa0710000-0xa071ffff pref]
[    0.231371] pci 0000:00:1c.4: PCI bridge to [bus 04]
[    0.231381] pci 0000:00:1c.4:   bridge window [mem 0xa0700000-0xa07fffff]
[    0.231389] pci_bus 0000:00: resource 4 [io  0x0000-0x0cf7 window]
[    0.231392] pci_bus 0000:00: resource 5 [io  0x0d00-0xffff window]
[    0.231394] pci_bus 0000:00: resource 6 [mem 0x000a0000-0x000fffff window]
[    0.231397] pci_bus 0000:00: resource 7 [mem 0x7fa00000-0xfeafffff window]
[    0.231399] pci_bus 0000:00: resource 8 [mem 0xfed40000-0xfed44fff window]
[    0.231402] pci_bus 0000:05: resource 0 [io  0x3000-0x5fff]
[    0.231404] pci_bus 0000:05: resource 1 [mem 0xa0b00000-0xacbfffff]
[    0.231406] pci_bus 0000:05: resource 2 [mem 0xacc00000-0xb8bfffff 64bit pref]
[    0.231409] pci_bus 0000:06: resource 0 [io  0x3000-0x4fff]
[    0.231412] pci_bus 0000:06: resource 1 [mem 0xa0b00000-0xa8bfffff]
[    0.231414] pci_bus 0000:06: resource 2 [mem 0xacc00000-0xb4bfffff 64bit pref]
[    0.231417] pci_bus 0000:07: resource 1 [mem 0xa0b00000-0xa0bfffff]
[    0.231419] pci_bus 0000:08: resource 0 [io  0x3000-0x3fff]
[    0.231421] pci_bus 0000:08: resource 1 [mem 0xa0c00000-0xa4bfffff]
[    0.231423] pci_bus 0000:08: resource 2 [mem 0xacc00000-0xb0bfffff 64bit pref]
[    0.231426] pci_bus 0000:3a: resource 0 [io  0x4000-0x4fff]
[    0.231429] pci_bus 0000:3a: resource 1 [mem 0xa4c00000-0xa8bfffff]
[    0.231431] pci_bus 0000:3a: resource 2 [mem 0xb0c00000-0xb4bfffff 64bit pref]
[    0.231434] pci_bus 0000:01: resource 0 [io  0x6000-0x6fff]
[    0.231436] pci_bus 0000:01: resource 1 [mem 0x7fa00000-0x7fbfffff]
[    0.231438] pci_bus 0000:01: resource 2 [mem 0x7fc00000-0x7fdfffff 64bit pref]
[    0.231441] pci_bus 0000:02: resource 1 [mem 0xa0400000-0xa06fffff]
[    0.231443] pci_bus 0000:03: resource 1 [mem 0xa0800000-0xa09fffff]
[    0.231446] pci_bus 0000:03: resource 2 [mem 0x80000000-0x8fffffff 64bit pref]
[    0.231448] pci_bus 0000:04: resource 1 [mem 0xa0700000-0xa07fffff]
[    0.231830] PCI: CLS 256 bytes, default 64
[    0.231848] PCI-DMA: Using software bounce buffering for IO (SWIOTLB)
[    0.231851] software IO TLB: mapped [mem 0x00000000611d7000-0x00000000651d7000] (64MB)
[    0.231881] Trying to unpack rootfs image as initramfs...
[    0.232379] Initialise system trusted keyrings
[    0.232389] Key type blacklist registered
[    0.232437] workingset: timestamp_bits=36 max_order=21 bucket_order=0
[    0.232453] zbud: loaded
[    0.232633] squashfs: version 4.0 (2009/01/31) Phillip Lougher
[    0.232709] fuse: init (API version 7.38)
[    0.232816] integrity: Platform Keyring initialized
[    0.232822] integrity: Machine keyring initialized
[    0.240040] Key type asymmetric registered
[    0.240042] Asymmetric key parser 'x509' registered
[    0.240057] Block layer SCSI generic (bsg) driver version 0.4 loaded (major 243)
[    0.240097] io scheduler mq-deadline registered
[    0.240370] pcieport 0000:00:1c.0: enabling device (0000 -> 0003)
[    0.240491] pcieport 0000:00:1c.0: pciehp: Slot #0 AttnBtn- PwrCtrl- MRL- AttnInd- PwrInd- HotPlug+ Surprise+ Interlock- NoCompl+ IbPresDis- LLActRep+
[    0.241227] pcieport 0000:06:00.0: pciehp: Slot #0 AttnBtn- PwrCtrl- MRL- AttnInd- PwrInd- HotPlug+ Surprise+ Interlock- NoCompl+ IbPresDis- LLActRep+
[    0.241334] pcieport 0000:06:03.0: enabling device (0000 -> 0003)
[    0.241425] pcieport 0000:06:03.0: pciehp: Slot #3 AttnBtn- PwrCtrl- MRL- AttnInd- PwrInd- HotPlug+ Surprise+ Interlock- NoCompl+ IbPresDis- LLActRep+
[    0.241642] pcieport 0000:06:04.0: pciehp: Slot #4 AttnBtn- PwrCtrl- MRL- AttnInd- PwrInd- HotPlug+ Surprise+ Interlock- NoCompl+ IbPresDis- LLActRep+
[    0.241760] pcieport 0000:06:05.0: enabling device (0000 -> 0003)
[    0.241858] pcieport 0000:06:05.0: pciehp: Slot #5 AttnBtn- PwrCtrl- MRL- AttnInd- PwrInd- HotPlug+ Surprise+ Interlock- NoCompl+ IbPresDis- LLActRep+
[    0.242069] pcieport 0000:06:06.0: pciehp: Slot #6 AttnBtn- PwrCtrl- MRL- AttnInd- PwrInd- HotPlug+ Surprise+ Interlock- NoCompl+ IbPresDis- LLActRep+
[    0.242196] shpchp: Standard Hot Plug PCI Controller Driver version: 0.4
[    0.242245] efifb: probing for efifb
[    0.242255] efifb: No BGRT, not showing boot graphics
[    0.242257] efifb: framebuffer at 0x90000000, using 20700k, total 20700k
[    0.242260] efifb: mode is 2880x1800x32, linelength=11776, pages=1
[    0.242262] efifb: scrolling: redraw
[    0.242264] efifb: Truecolor: size=8:8:8:8, shift=24:16:8:0
[    0.242335] Console: switching to colour frame buffer device 180x56
[    0.246289] fb0: EFI VGA frame buffer device
[    0.246913] ACPI: AC: AC Adapter [ADP1] (on-line)
[    0.246982] input: Lid Switch as /devices/LNXSYSTM:00/LNXSYBUS:00/PNP0C0D:00/input/input0
[    0.247047] ACPI: button: Lid Switch [LID0]
[    0.247091] input: Power Button as /devices/LNXSYSTM:00/LNXSYBUS:00/PNP0C0C:00/input/input1
[    0.247143] ACPI: button: Power Button [PWRB]
[    0.247183] input: Sleep Button as /devices/LNXSYSTM:00/LNXSYBUS:00/PNP0C0E:00/input/input2
[    0.247234] ACPI: button: Sleep Button [SLPB]
[    0.247274] input: Power Button as /devices/LNXSYSTM:00/LNXPWRBN:00/input/input3
[    0.247335] ACPI: button: Power Button [PWRF]
[    0.261144] Serial: 8250/16550 driver, 32 ports, IRQ sharing enabled
[    0.263149] Linux agpgart interface v0.103
[    0.264608] loop: module loaded
[    0.264880] tun: Universal TUN/TAP device driver, 1.6
[    0.264954] PPP generic driver version 2.4.2
[    0.265094] i8042: PNP: No PS/2 controller found.
[    0.265197] mousedev: PS/2 mouse device common for all mice
[    0.265401] rtc_cmos 00:02: RTC can wake from S4
[    0.265633] rtc_cmos 00:02: registered as rtc0
[    0.265690] rtc_cmos 00:02: setting system clock to 2024-01-23T05:51:31 UTC (1705989091)
[    0.265756] rtc_cmos 00:02: alarms up to one month, y3k, 242 bytes nvram
[    0.265795] i2c_dev: i2c /dev entries driver
[    0.265949] device-mapper: core: CONFIG_IMA_DISABLE_HTABLE is disabled. Duplicate IMA measurements will not be recorded in the IMA log.
[    0.266015] device-mapper: uevent: version 1.0.3
[    0.266073] device-mapper: ioctl: 4.48.0-ioctl (2023-03-01) initialised: dm-devel@redhat.com
[    0.266137] platform eisa.0: Probing EISA bus 0
[    0.266160] platform eisa.0: EISA: Cannot allocate resource for mainboard
[    0.266192] platform eisa.0: Cannot allocate resource for EISA slot 1
[    0.266223] platform eisa.0: Cannot allocate resource for EISA slot 2
[    0.266254] platform eisa.0: Cannot allocate resource for EISA slot 3
[    0.266285] platform eisa.0: Cannot allocate resource for EISA slot 4
[    0.267600] platform eisa.0: Cannot allocate resource for EISA slot 5
[    0.268935] platform eisa.0: Cannot allocate resource for EISA slot 6
[    0.270223] platform eisa.0: Cannot allocate resource for EISA slot 7
[    0.271488] platform eisa.0: Cannot allocate resource for EISA slot 8
[    0.272749] platform eisa.0: EISA: Detected 0 cards
[    0.273991] intel_pstate: Intel P-state driver initializing
[    0.275964] ledtrig-cpu: registered to indicate activity on CPUs
[    0.277494] drop_monitor: Initializing network drop monitor service
[    0.290107] NET: Registered PF_INET6 protocol family
[    0.556337] Freeing initrd memory: 68568K
[    0.563646] Segment Routing with IPv6
[    0.565230] In-situ OAM (IOAM) with IPv6
[    0.566382] NET: Registered PF_PACKET protocol family
[    0.567613] Key type dns_resolver registered
[    0.569966] microcode: Microcode Update Driver: v2.2.
[    0.569982] IPI shorthand broadcast: enabled
[    0.574136] sched_clock: Marking stable (572398021, 554169)->(579478208, -6526018)
[    0.575398] registered taskstats version 1
[    0.577172] Loading compiled-in X.509 certificates
[    0.579123] Loaded X.509 cert 'Build time autogenerated kernel key: 605c7c135229ebe23ab6a6fa2965fd12055e3c58'
[    0.580743] Loaded X.509 cert 'Canonical Ltd. Live Patch Signing: 14df34d1a87cf37625abec039ef2bf521249b969'
[    0.582334] Loaded X.509 cert 'Canonical Ltd. Kernel Module Signing: 88f752e560a1e0737e31163a466ad7b70a850c19'
[    0.583474] blacklist: Loading compiled-in revocation X.509 certificates
[    0.584691] Loaded X.509 cert 'Canonical Ltd. Secure Boot Signing: 61482aa2830d0ab2ad5af10b7250da9033ddcef0'
[    0.585896] Loaded X.509 cert 'Canonical Ltd. Secure Boot Signing (2017): 242ade75ac4a15e50d50c84b0d45ff3eae707a03'
[    0.587108] Loaded X.509 cert 'Canonical Ltd. Secure Boot Signing (ESM 2018): 365188c1d374d6b07c3c8f240f8ef722433d6a8b'
[    0.588303] Loaded X.509 cert 'Canonical Ltd. Secure Boot Signing (2019): c0746fd6c5da3ae827864651ad66ae47fe24b3e8'
[    0.589533] Loaded X.509 cert 'Canonical Ltd. Secure Boot Signing (2021 v1): a8d54bbb3825cfb94fa13c9f8a594a195c107b8d'
[    0.590716] Loaded X.509 cert 'Canonical Ltd. Secure Boot Signing (2021 v2): 4cf046892d6fd3c9a5b03f98d845f90851dc6a8c'
[    0.591876] Loaded X.509 cert 'Canonical Ltd. Secure Boot Signing (2021 v3): 100437bb6de6e469b581e61cd66bce3ef4ed53af'
[    0.593057] Loaded X.509 cert 'Canonical Ltd. Secure Boot Signing (Ubuntu Core 2019): c1d57b8f6b743f23ee41f4f7ee292f06eecadfb9'
[    0.595596] Key type .fscrypt registered
[    0.596748] Key type fscrypt-provisioning registered
[    0.601432] Key type encrypted registered
[    0.602814] AppArmor: AppArmor sha1 policy hashing enabled
[    0.640432] ima: No TPM chip found, activating TPM-bypass!
[    0.641641] Loading compiled-in module X.509 certificates
[    0.643336] Loaded X.509 cert 'Build time autogenerated kernel key: 605c7c135229ebe23ab6a6fa2965fd12055e3c58'
[    0.644587] ima: Allocated hash algorithm: sha1
[    0.645823] ima: No architecture policies found
[    0.647062] evm: Initialising EVM extended attributes:
[    0.648291] evm: security.selinux
[    0.649511] evm: security.SMACK64
[    0.650722] evm: security.SMACK64EXEC
[    0.651915] evm: security.SMACK64TRANSMUTE
[    0.653093] evm: security.SMACK64MMAP
[    0.654250] evm: security.apparmor
[    0.655364] evm: security.ima
[    0.656439] evm: security.capability
[    0.657605] evm: HMAC attrs: 0x1
[    0.659191] PM:   Magic number: 8:564:871
[    0.663927] RAS: Correctable Errors collector initialized.
[    0.665152] clk: Disabling unused clocks
[    0.667436] Freeing unused decrypted memory: 2036K
[    0.669232] Freeing unused kernel image (initmem) memory: 4792K
[    0.680607] Write protecting the kernel read-only data: 34816k
[    0.682467] Freeing unused kernel image (rodata/data gap) memory: 1156K
[    0.727666] x86/mm: Checked W+X mappings: passed, no W+X pages found.
[    0.728747] x86/mm: Checking user space page tables
[    0.767857] x86/mm: Checked W+X mappings: passed, no W+X pages found.
[    0.768967] Run /init as init process
[    0.770040]   with arguments:
[    0.770042]     /init
[    0.770043]   with environment:
[    0.770044]     HOME=/
[    0.770044]     TERM=linux
[    0.770045]     BOOT_IMAGE=/boot/vmlinuz-6.5.0-14-generic
[    0.873485] xhci_hcd 0000:00:14.0: xHCI Host Controller
[    0.875667] xhci_hcd 0000:00:14.0: new USB bus registered, assigned bus number 1
[    0.878130] ACPI Warning: SystemIO range 0x0000000000000840-0x000000000000084F conflicts with OpRegion 0x0000000000000800-0x0000000000000863 (\GPIO) (20230331/utaddress-204)
[    0.879019] xhci_hcd 0000:00:14.0: hcc params 0x200077c1 hci version 0x100 quirks 0x0000000000009810
[    0.880199] ACPI: OSL: Resource conflict; ACPI support missing from driver?
[    0.880201] ACPI Warning:
[    0.883166] xhci_hcd 0000:00:14.0: xHCI Host Controller
[    0.884289] SystemIO range 0x0000000000000830-0x000000000000083F conflicts with OpRegion 0x0000000000000800-0x0000000000000863 (\GPIO)
[    0.886704] xhci_hcd 0000:00:14.0: new USB bus registered, assigned bus number 2
[    0.888311]  (20230331/utaddress-204)
[    0.890979] xhci_hcd 0000:00:14.0: Host supports USB 3.0 SuperSpeed
[    0.893181] ACPI: OSL: Resource conflict; ACPI support missing from driver?
[    0.895827] usb usb1: New USB device found, idVendor=1d6b, idProduct=0002, bcdDevice= 6.05
[    0.895890] ACPI: bus type thunderbolt registered
[    0.896519] thunderbolt 0000:07:00.0: device link creation from 0000:06:00.0 failed
[    0.897643] ACPI Warning:
[    0.900170] usb usb1: New USB device strings: Mfr=3, Product=2, SerialNumber=1
[    0.900173] usb usb1: Product: xHCI Host Controller
[    0.901894] SystemIO range 0x0000000000000800-0x000000000000082F conflicts with OpRegion 0x0000000000000800-0x0000000000000863 (\GPIO) (20230331/utaddress-204)
[    0.901897] ACPI Warning: SystemIO range 0x0000000000000800-0x000000000000082F conflicts with OpRegion 0x0000000000000810-0x0000000000000813 (\IO_D) (20230331/utaddress-204)
[    0.901900] ACPI Warning: SystemIO range 0x0000000000000800-0x000000000000082F conflicts with OpRegion 0x0000000000000800-0x000000000000080F (\IO_T) (20230331/utaddress-204)
[    0.901903] ACPI: OSL: Resource conflict; ACPI support missing from driver?
[    0.901904] lpc_ich: Resource conflict(s) found affecting gpio_ich
[    0.922017] usb usb1: Manufacturer: Linux 6.5.0-14-generic xhci-hcd
[    0.923377] usb usb1: SerialNumber: 0000:00:14.0
[    0.925337] hub 1-0:1.0: USB hub found
[    0.926878] hub 1-0:1.0: 14 ports detected
[    0.928507] usb usb2: New USB device found, idVendor=1d6b, idProduct=0003, bcdDevice= 6.05
[    0.929876] usb usb2: New USB device strings: Mfr=3, Product=2, SerialNumber=1
[    0.931208] usb usb2: Product: xHCI Host Controller
[    0.932516] usb usb2: Manufacturer: Linux 6.5.0-14-generic xhci-hcd
[    0.933847] usb usb2: SerialNumber: 0000:00:14.0
[    0.935234] hub 2-0:1.0: USB hub found
[    0.936548] hub 2-0:1.0: 6 ports detected
[    0.940993] ahci 0000:04:00.0: version 3.0
[    0.941677] i801_smbus 0000:00:1f.3: SMBus using PCI interrupt
[    0.944292] i2c i2c-0: 2/2 memory slots populated (from DMI)
[    0.951410] ahci 0000:04:00.0: AHCI 0001.0300 32 slots 1 ports 6 Gbps 0x1 impl SATA mode
[    0.953304] ahci 0000:04:00.0: flags: 64bit ncq led clo only pio ccc
[    0.955000] scsi host0: ahci
[    0.956551] ata1: SATA max UDMA/133 abar m8192@0xa0700000 port 0xa0700100 irq 16
[    1.180626] usb 1-8: new full-speed USB device number 2 using xhci_hcd
[    1.236629] tsc: Refined TSC clocksource calibration: 2294.688 MHz
[    1.238580] clocksource: tsc: mask: 0xffffffffffffffff max_cycles: 0x21139aef754, max_idle_ns: 440795211890 ns
[    1.240144] clocksource: Switched to clocksource tsc
[    1.271949] ata1: SATA link up 6.0 Gbps (SStatus 133 SControl 300)
[    1.274151] ata1.00: unexpected _GTF length (8)
[    1.275682] ata1.00: ATA-8: APPLE SSD SM0256F, UXM2JA1Q, max UDMA/133
[    1.277220] ata1.00: 490234752 sectors, multi 16: LBA48 NCQ (depth 32), AA
[    1.278993] ata1.00: unexpected _GTF length (8)
[    1.280544] ata1.00: configured for UDMA/133
[    1.282139] scsi 0:0:0:0: Direct-Access     ATA      APPLE SSD SM0256 JA1Q PQ: 0 ANSI: 5
[    1.285007] sd 0:0:0:0: Attached scsi generic sg0 type 0
[    1.285087] sd 0:0:0:0: [sda] 490234752 512-byte logical blocks: (251 GB/234 GiB)
[    1.289107] sd 0:0:0:0: [sda] 4096-byte physical blocks
[    1.290644] sd 0:0:0:0: [sda] Write Protect is off
[    1.292149] sd 0:0:0:0: [sda] Mode Sense: 00 3a 00 00
[    1.292158] sd 0:0:0:0: [sda] Write cache: enabled, read cache: enabled, doesn't support DPO or FUA
[    1.293752] sd 0:0:0:0: [sda] Preferred minimum I/O size 4096 bytes
[    1.297755]  sda: sda1 sda2 sda3 sda4
[    1.299962] sd 0:0:0:0: [sda] Attached SCSI disk
[    1.330197] usb 1-8: New USB device found, idVendor=0a5c, idProduct=4500, bcdDevice= 1.00
[    1.331998] usb 1-8: New USB device strings: Mfr=1, Product=2, SerialNumber=0
[    1.333446] usb 1-8: Product: BRCM20702 Hub
[    1.334922] usb 1-8: Manufacturer: Apple Inc.
[    1.337156] hub 1-8:1.0: USB hub found
[    1.338982] hub 1-8:1.0: 3 ports detected
[    1.456864] usb 2-4: new SuperSpeed USB device number 2 using xhci_hcd
[    1.479906] usb 2-4: New USB device found, idVendor=05ac, idProduct=8406, bcdDevice= 8.20
[    1.481671] usb 2-4: New USB device strings: Mfr=3, Product=4, SerialNumber=5
[    1.482990] usb 2-4: Product: Card Reader
[    1.484278] usb 2-4: Manufacturer: Apple
[    1.485568] usb 2-4: SerialNumber: 000000000820
[    1.499447] usb-storage 2-4:1.0: USB Mass Storage device detected
[    1.501503] scsi host1: usb-storage 2-4:1.0
[    1.503318] usbcore: registered new interface driver usb-storage
[    1.506383] usbcore: registered new interface driver uas
[    1.604630] usb 1-12: new full-speed USB device number 3 using xhci_hcd
[    1.758865] usb 1-12: New USB device found, idVendor=05ac, idProduct=0262, bcdDevice= 2.25
[    1.760651] usb 1-12: New USB device strings: Mfr=1, Product=2, SerialNumber=0
[    1.761840] usb 1-12: Product: Apple Internal Keyboard / Trackpad
[    1.763012] usb 1-12: Manufacturer: Apple Inc.
[    1.776530] hid: raw HID events driver (C) Jiri Kosina
[    1.832636] usb 1-8.1: new full-speed USB device number 4 using xhci_hcd
[    1.848693] usbcore: registered new interface driver usbhid
[    1.850403] usbhid: USB HID core driver
[    1.855955] input: Apple Inc. Apple Internal Keyboard / Trackpad as /devices/pci0000:00/0000:00:14.0/usb1/1-12/1-12:1.0/0003:05AC:0262.0001/input/input4
[    1.916857] apple 0003:05AC:0262.0001: input,hidraw0: USB HID v1.11 Keyboard [Apple Inc. Apple Internal Keyboard / Trackpad] on usb-0000:00:14.0-12/input0
[    1.918982] apple 0003:05AC:0262.0002: hidraw1: USB HID v1.11 Device [Apple Inc. Apple Internal Keyboard / Trackpad] on usb-0000:00:14.0-12/input1
[    1.934705] usb 1-8.1: New USB device found, idVendor=05ac, idProduct=820a, bcdDevice= 1.00
[    1.936703] usb 1-8.1: New USB device strings: Mfr=0, Product=0, SerialNumber=0
[    1.940793] input: HID 05ac:820a as /devices/pci0000:00/0000:00:14.0/usb1/1-8/1-8.1/1-8.1:1.0/0003:05AC:820A.0003/input/input5
[    2.000878] hid-generic 0003:05AC:820A.0003: input,hidraw2: USB HID v1.11 Keyboard [HID 05ac:820a] on usb-0000:00:14.0-8.1/input0
[    2.080632] usb 1-8.2: new full-speed USB device number 5 using xhci_hcd
[    2.182681] usb 1-8.2: New USB device found, idVendor=05ac, idProduct=820b, bcdDevice= 1.00
[    2.184791] usb 1-8.2: New USB device strings: Mfr=0, Product=0, SerialNumber=0
[    2.189112] input: HID 05ac:820b as /devices/pci0000:00/0000:00:14.0/usb1/1-8/1-8.2/1-8.2:1.0/0003:05AC:820B.0004/input/input6
[    2.191593] hid-generic 0003:05AC:820B.0004: input,hidraw3: USB HID v1.11 Mouse [HID 05ac:820b] on usb-0000:00:14.0-8.2/input0
[    2.272628] usb 1-8.3: new full-speed USB device number 6 using xhci_hcd
[    2.375293] usb 1-8.3: New USB device found, idVendor=05ac, idProduct=8289, bcdDevice= 1.50
[    2.377486] usb 1-8.3: New USB device strings: Mfr=1, Product=2, SerialNumber=0
[    2.379609] usb 1-8.3: Product: Bluetooth USB Host Controller
[    2.381711] usb 1-8.3: Manufacturer: Apple Inc.
[    2.455908] EXT4-fs (sda4): mounted filesystem 105c53dd-9b0d-4a8b-b85f-60c137a5a20e ro with ordered data mode. Quota mode: none.
[    2.523209] scsi 1:0:0:0: Direct-Access     APPLE    SD Card Reader   3.00 PQ: 0 ANSI: 6
[    2.525587] sd 1:0:0:0: Attached scsi generic sg1 type 0
[    2.526050] sd 1:0:0:0: [sdb] Media removed, stopped polling
[    2.528916] sd 1:0:0:0: [sdb] Attached SCSI removable disk
[    2.581900] systemd[1]: Inserted module 'autofs4'
[    3.627805] systemd[1]: systemd 249.11-0ubuntu3.9 running in system mode (+PAM +AUDIT +SELINUX +APPARMOR +IMA +SMACK +SECCOMP +GCRYPT +GNUTLS +OPENSSL +ACL +BLKID +CURL +ELFUTILS +FIDO2 +IDN2 -IDN +IPTC +KMOD +LIBCRYPTSETUP +LIBFDISK +PCRE2 -PWQUALITY -P11KIT -QRENCODE +BZIP2 +LZ4 +XZ +ZLIB +ZSTD -XKBCOMMON +UTMP +SYSVINIT default-hierarchy=unified)
[    3.631549] systemd[1]: Detected architecture x86-64.
[    3.639445] systemd[1]: Hostname set to <mac13>.
[    3.667980] systemd[1]: memfd_create() called without MFD_EXEC or MFD_NOEXEC_SEAL set
[    3.693698] block sda: the capability attribute has been deprecated.
[    3.830851] systemd[1]: Queued start job for default target Graphical Interface.
[    3.865356] systemd[1]: Created slice Slice /system/modprobe.
[    3.869364] systemd[1]: Created slice Slice /system/systemd-fsck.
[    3.872896] systemd[1]: Created slice User and Session Slice.
[    3.876317] systemd[1]: Started Forward Password Requests to Wall Directory Watch.
[    3.879858] systemd[1]: Set up automount Arbitrary Executable File Formats File System Automount Point.
[    3.883307] systemd[1]: Reached target User and Group Name Lookups.
[    3.886742] systemd[1]: Reached target Remote File Systems.
[    3.890016] systemd[1]: Reached target Slice Units.
[    3.893216] systemd[1]: Reached target Mounting snaps.
[    3.896332] systemd[1]: Reached target Local Verity Protected Volumes.
[    3.899516] systemd[1]: Listening on Syslog Socket.
[    3.902669] systemd[1]: Listening on fsck to fsckd communication Socket.
[    3.905690] systemd[1]: Listening on initctl Compatibility Named Pipe.
[    3.908850] systemd[1]: Listening on Journal Audit Socket.
[    3.911895] systemd[1]: Listening on Journal Socket (/dev/log).
[    3.915013] systemd[1]: Listening on Journal Socket.
[    3.918467] systemd[1]: Listening on udev Control Socket.
[    3.921684] systemd[1]: Listening on udev Kernel Socket.
[    3.940658] systemd[1]: Mounting Huge Pages File System...
[    3.944901] systemd[1]: Mounting POSIX Message Queue File System...
[    3.948577] systemd[1]: Mounting Kernel Debug File System...
[    3.952144] systemd[1]: Mounting Kernel Trace File System...
[    3.956530] systemd[1]: Starting Journal Service...
[    3.960449] systemd[1]: Starting Set the console keyboard layout...
[    3.964755] systemd[1]: Starting Create List of Static Device Nodes...
[    3.968860] systemd[1]: Starting Load Kernel Module chromeos_pstore...
[    3.972685] systemd[1]: Starting Load Kernel Module configfs...
[    3.976635] systemd[1]: Starting Load Kernel Module drm...
[    3.980607] systemd[1]: Starting Load Kernel Module efi_pstore...
[    3.984329] pstore: Using crash dump compression: deflate
[    3.984805] systemd[1]: Starting Load Kernel Module fuse...
[    3.990495] systemd[1]: Starting Load Kernel Module pstore_blk...
[    3.996159] systemd[1]: Starting Load Kernel Module pstore_zone...
[    4.001705] systemd[1]: Starting Load Kernel Module ramoops...
[    4.006374] systemd[1]: Condition check resulted in File System Check on Root Device being skipped.
[    4.010217] systemd[1]: Starting Load Kernel Modules...
[    4.016162] systemd[1]: Starting Remount Root and Kernel File Systems...
[    4.022328] systemd[1]: Starting Coldplug All udev Devices...
[    4.023161] EXT4-fs (sda4): re-mounted 105c53dd-9b0d-4a8b-b85f-60c137a5a20e r/w. Quota mode: none.
[    4.029329] ACPI: bus type drm_connector registered
[    4.034002] systemd[1]: Started Journal Service.
[    4.038889] lp: driver loaded but no devices found
[    4.064182] ppdev: user-space parallel port driver
[    4.068980] Adding 2097148k swap on /swapfile.  Priority:-2 extents:6 across:2260988k SSFS
[    4.080251] systemd-journald[343]: Received client request to flush runtime journal.
[    4.136509] loop0: detected capacity change from 0 to 8
[    4.137680] loop1: detected capacity change from 0 to 305080
[    4.141002] loop2: detected capacity change from 0 to 325440
[    4.144094] loop3: detected capacity change from 0 to 242136
[    4.147665] loop4: detected capacity change from 0 to 216720
[    4.152663] loop5: detected capacity change from 0 to 129480
[    4.153650] loop6: detected capacity change from 0 to 129944
[    4.170065] loop7: detected capacity change from 0 to 151256
[    4.175681] loop8: detected capacity change from 0 to 136272
[    4.177026] loop9: detected capacity change from 0 to 136320
[    4.183843] loop10: detected capacity change from 0 to 484960
[    4.185995] loop11: detected capacity change from 0 to 316664
[    4.188071] loop12: detected capacity change from 0 to 709280
[    4.190255] loop13: detected capacity change from 0 to 716176
[    4.192327] loop14: detected capacity change from 0 to 994336
[    4.194463] loop15: detected capacity change from 0 to 1017816
[    4.196183] loop16: detected capacity change from 0 to 133552
[    4.198235] loop17: detected capacity change from 0 to 187776
[    4.200069] loop18: detected capacity change from 0 to 94056
[    4.201659] loop19: detected capacity change from 0 to 25240
[    4.203864] loop20: detected capacity change from 0 to 568
[    4.205798] loop21: detected capacity change from 0 to 904
[    4.397060] apple_gmux: gmux device not present
[    4.437086] smbus_hc ACPI0001:00: SBS HC: offset = 0x20, query_bit = 0x10
[    4.548775] pstore: Registered efi_pstore as persistent store backend
[    4.560427] usbcore: registered new device driver apple-mfi-fastcharge
[    4.560470] spi-nor spi0.0: mx25l6405d (8192 Kbytes)
[    4.582908] cfg80211: Loading compiled-in X.509 certificates for regulatory database
[    4.583247] Loaded X.509 cert 'sforshee: 00b28ddf47aef9cea7'
[    4.584159] RAPL PMU: API unit is 2^-32 Joules, 4 fixed counters, 655360 ms ovfl timer
[    4.584163] RAPL PMU: hw unit of domain pp0-core 2^-14 Joules
[    4.584165] RAPL PMU: hw unit of domain package 2^-14 Joules
[    4.584166] RAPL PMU: hw unit of domain dram 2^-14 Joules
[    4.584167] RAPL PMU: hw unit of domain pp1-gpu 2^-14 Joules
[    4.609017] input: bcm5974 as /devices/pci0000:00/0000:00:14.0/usb1/1-12/1-12:1.2/input/input7
[    4.609148] usbcore: registered new interface driver bcm5974
[    4.611858] Creating 1 MTD partitions on "intel-spi":
[    4.611867] 0x000000000000-0x000000800000 : "BIOS"
[    4.613202] cryptd: max_cpu_qlen set to 1000
[    4.629977] AVX2 version of gcm_enc/dec engaged.
[    4.630030] AES CTR mode by8 optimization enabled
[    4.688191] Bluetooth: Core ver 2.22
[    4.688647] NET: Registered PF_BLUETOOTH protocol family
[    4.688650] Bluetooth: HCI device and connection manager initialized
[    4.688684] Bluetooth: HCI socket layer initialized
[    4.688687] Bluetooth: L2CAP socket layer initialized
[    4.688693] Bluetooth: SCO socket layer initialized
[    4.696506] wl: loading out-of-tree module taints kernel.
[    4.696509] wl: module license 'MIXED/Proprietary' taints kernel.
[    4.696510] Disabling lock debugging due to kernel taint
[    4.696511] wl: module verification failed: signature and/or required key missing - tainting kernel
[    4.696511] wl: module license taints kernel.
[    4.699753] applesmc: key=601 fan=2 temp=37 index=36 acc=0 lux=2 kbd=1
[    4.700023] applesmc applesmc.768: hwmon_device_register() is deprecated. Please convert the driver to use hwmon_device_register_with_info().
[    4.743038] ACPI: Smart Battery System [SBS0]: Battery Slot [BAT0] (battery present)
[    4.814377] wlan0: Broadcom BCM43a0 802.11 Hybrid Wireless Controller 6.30.223.271 (r587334)

[    5.292214] usbcore: registered new interface driver btusb
[    5.309451] wl 0000:02:00.0 wlp2s0: renamed from wlan0
[    5.318518] i915 0000:00:02.0: [drm] Found 128MB of eDRAM
[    5.319250] Console: switching to colour dummy device 80x25
[    5.319316] i915 0000:00:02.0: vgaarb: deactivate vga console
[    5.324189] i915 0000:00:02.0: vgaarb: changed VGA decodes: olddecodes=io+mem,decodes=io+mem:owns=io+mem
[    5.329334] usb 1-8.1: USB disconnect, device number 4
[    5.393816] intel_rapl_common: Found RAPL domain package
[    5.393821] intel_rapl_common: Found RAPL domain core
[    5.393823] intel_rapl_common: Found RAPL domain uncore
[    5.393824] intel_rapl_common: Found RAPL domain dram
[    5.403427] i915 0000:00:02.0: [drm] Skipping intel_backlight registration
[    5.404121] [drm] Initialized i915 1.6.0 20201103 for 0000:00:02.0 on minor 0
[    5.405444] ACPI: video: Video Device [IGPU] (multi-head: yes  rom: no  post: no)
[    5.405599] input: Video Bus as /devices/LNXSYSTM:00/LNXSYBUS:00/PNP0A08:00/LNXVIDEO:00/input/input8
[    5.409074] acpi device:55: registered as cooling_device9
[    5.409994] snd_hda_intel 0000:00:03.0: bound 0000:00:02.0 (ops i915_audio_component_bind_ops [i915])
[    5.410438] snd_hda_codec_cirrus hdaudioC1D0: autoconfig for CS4208: line_outs=2 (0x12/0x13/0x0/0x0/0x0) type:speaker
[    5.410444] snd_hda_codec_cirrus hdaudioC1D0:    speaker_outs=0 (0x0/0x0/0x0/0x0/0x0)
[    5.410448] snd_hda_codec_cirrus hdaudioC1D0:    hp_outs=1 (0x10/0x0/0x0/0x0/0x0)
[    5.410450] snd_hda_codec_cirrus hdaudioC1D0:    mono: mono_out=0x0
[    5.410453] snd_hda_codec_cirrus hdaudioC1D0:    dig-out=0x21/0x0
[    5.410454] snd_hda_codec_cirrus hdaudioC1D0:    inputs:
[    5.410456] snd_hda_codec_cirrus hdaudioC1D0:      Internal Mic=0x1c
[    5.410459] snd_hda_codec_cirrus hdaudioC1D0:      Mic=0x18
[    5.413206] Bluetooth: hci0: BCM: chip id 73 build 1127
[    5.414199] Bluetooth: hci0: BCM: product 05ac:8289
[    5.415199] Bluetooth: hci0: BCM: features 0x07
[    5.415454] fbcon: i915drmfb (fb0) is primary device
[    5.431213] Bluetooth: hci0: BCM20702B0 Generic USB Class 1 @ 20 MHz
[    5.736766] usb 1-8.2: USB disconnect, device number 5
[    6.812658] Console: switching to colour frame buffer device 180x56
[    6.833213] i915 0000:00:02.0: [drm] fb0: i915drmfb frame buffer device
[    6.849349] input: HDA Intel PCH Mic as /devices/pci0000:00/0000:00:1b.0/sound/card1/input9
[    6.849420] input: HDA Intel PCH Headphone as /devices/pci0000:00/0000:00:1b.0/sound/card1/input10
[    6.849486] input: HDA Intel PCH SPDIF as /devices/pci0000:00/0000:00:1b.0/sound/card1/input11
[    6.865440] input: HDA Intel HDMI HDMI/DP,pcm=3 as /devices/pci0000:00/0000:00:03.0/sound/card0/input12
[    6.865530] input: HDA Intel HDMI HDMI/DP,pcm=7 as /devices/pci0000:00/0000:00:03.0/sound/card0/input13
[    6.865629] input: HDA Intel HDMI HDMI/DP,pcm=8 as /devices/pci0000:00/0000:00:03.0/sound/card0/input14
[   16.016878] Bluetooth: BNEP (Ethernet Emulation) ver 1.3
[   16.016882] Bluetooth: BNEP filters: protocol multicast
[   16.016886] Bluetooth: BNEP socket layer initialized
[   16.020709] Bluetooth: MGMT ver 1.22
[   16.025918] NET: Registered PF_ALG protocol family
[   17.822092] loop22: detected capacity change from 0 to 8
[   18.578527] rfkill: input handler disabled
[   20.769323] ================================================================================
[   20.769329] UBSAN: array-index-out-of-bounds in /var/lib/dkms/bcmwl/6.30.223.271+bdcom/build/src/wl/sys/wl_linux.c:1934:4
[   20.769333] index 2 is out of range for type 'ether_addr [1]'
[   20.769336] CPU: 5 PID: 994 Comm: avahi-daemon Tainted: P           OE      6.5.0-14-generic #14~22.04.1-Ubuntu
[   20.769340] Hardware name: Apple Inc. MacBookPro11,2/Mac-3CBD00234E554E41, BIOS 432.40.8.0.1 09/16/2021
[   20.769341] Call Trace:
[   20.769344]  <TASK>
[   20.769348]  dump_stack_lvl+0x48/0x70
[   20.769357]  dump_stack+0x10/0x20
[   20.769359]  __ubsan_handle_out_of_bounds+0xc6/0x110
[   20.769365]  _wl_set_multicast_list+0x211/0x230 [wl]
[   20.769438]  wl_set_multicast_list+0x3a/0xa0 [wl]
[   20.769503]  __dev_set_rx_mode+0x79/0xe0
[   20.769508]  __dev_mc_add+0x94/0xa0
[   20.769512]  dev_mc_add+0x10/0x20
[   20.769515]  igmp6_group_added+0xe0/0x100
[   20.769520]  __ipv6_dev_mc_inc+0x24e/0x3d0
[   20.769523]  __ipv6_sock_mc_join+0x145/0x260
[   20.769527]  ipv6_sock_mc_join+0x10/0x20
[   20.769530]  do_ipv6_setsockopt+0x130e/0x14e0
[   20.769535]  ? __sys_sendto+0x151/0x1b0
[   20.769542]  ? ipv6_setsockopt+0x63/0xd0
[   20.769545]  ipv6_setsockopt+0x63/0xd0
[   20.769549]  udpv6_setsockopt+0x22/0x60
[   20.769552]  sock_common_setsockopt+0x1a/0x30
[   20.769556]  __sys_setsockopt+0xe1/0x1d0
[   20.769560]  __x64_sys_setsockopt+0x1f/0x40
[   20.769563]  do_syscall_64+0x5b/0x90
[   20.769568]  ? irqentry_exit_to_user_mode+0x17/0x20
[   20.769572]  ? irqentry_exit+0x43/0x50
[   20.769575]  ? exc_page_fault+0x94/0x1b0
[   20.769579]  entry_SYSCALL_64_after_hwframe+0x6e/0xd8
[   20.769584] RIP: 0033:0x7fe16a527ace
[   20.769604] Code: 0f 1f 40 00 48 8b 15 61 23 0f 00 f7 d8 64 89 02 48 c7 c0 ff ff ff ff eb b1 0f 1f 00 f3 0f 1e fa 49 89 ca b8 36 00 00 00 0f 05 <48> 3d 00 f0 ff ff 77 0a c3 66 0f 1f 84 00 00 00 00 00 48 8b 15 29
[   20.769607] RSP: 002b:00007ffd11467de8 EFLAGS: 00000217 ORIG_RAX: 0000000000000036
[   20.769611] RAX: ffffffffffffffda RBX: 0000000000000002 RCX: 00007fe16a527ace
[   20.769613] RDX: 0000000000000014 RSI: 0000000000000029 RDI: 000000000000000d
[   20.769614] RBP: 000000000000000d R08: 0000000000000014 R09: 00007fe16a88ca9b
[   20.769616] R10: 00007ffd11467df0 R11: 0000000000000217 R12: 0000000000000001
[   20.769618] R13: 00007ffd11467df0 R14: 0000556f383e9030 R15: 0000000000000008
[   20.769622]  </TASK>
[   20.769623] ================================================================================
[   26.582547] Bluetooth: RFCOMM TTY layer initialized
[   26.582555] Bluetooth: RFCOMM socket layer initialized
[   26.582560] Bluetooth: RFCOMM ver 1.11
[   26.699984] rfkill: input handler enabled
[   28.186164] rfkill: input handler disabled
