---<<BOOT>>---
WARNING: Cannot find freebsd,dts-version property, cannot check DTB compliance
Copyright (c) 1992-2023 The FreeBSD Project.
Copyright (c) 1979, 1980, 1983, 1986, 1988, 1989, 1991, 1992, 1993, 1994
	The Regents of the University of California. All rights reserved.
FreeBSD is a registered trademark of The FreeBSD Foundation.
FreeBSD 14.0-RELEASE #0 releng/14.0-n265380-f9716eee8ab4: Fri Nov 10 08:59:18 UTC 2023
    root@releng1.nyi.freebsd.org:/usr/obj/usr/src/arm64.aarch64/sys/GENERIC arm64
FreeBSD clang version 16.0.6 (https://github.com/llvm/llvm-project.git llvmorg-16.0.6-0-g7cbf1a259152)
VT(efifb): resolution 592x448
module scmi already present!
real memory  = 4148158464 (3955 MB)
avail memory = 4020895744 (3834 MB)
Starting CPU 1 (1)
Starting CPU 2 (2)
Starting CPU 3 (3)
FreeBSD/SMP: Multiprocessor System Detected: 4 CPUs
random: unblocking device.
random: entropy device external interface
kbd0 at kbdmux0
ofwbus0: <Open Firmware Device Tree>
simplebus0: <Flattened device tree simple bus> on ofwbus0
ofw_clkbus0: <OFW clocks bus> on ofwbus0
clk_fixed0: <Fixed clock> on ofw_clkbus0
clk_fixed1: <Fixed clock> on ofw_clkbus0
clk_fixed2: <Fixed clock> on ofwbus0
clk_fixed3: <Fixed clock> on ofwbus0
simplebus1: <Flattened device tree simple bus> on ofwbus0
simplebus2: <Flattened device tree simple bus> on ofwbus0
regfix0: <Fixed Regulator> on ofwbus0
clk_fixed4: clock-fixed has no clock-frequency
clk_fixed4: clock-fixed has no clock-frequency
regfix1: <Fixed Regulator> on ofwbus0
regfix2: <Fixed Regulator> on ofwbus0
regfix3: <Fixed Regulator> on ofwbus0
regfix4: <Fixed Regulator> on ofwbus0
simplebus3: <Flattened device tree simple bus> on ofwbus0
simple_mfd0: <Simple MFD (Multi-Functions Device)> mem 0x7d5d2000-0x7d5d2eff on simplebus0
bcm2835_firmware0: <BCM2835 Firmware> on simplebus0
ofw_clkbus1: <OFW clocks bus> on bcm2835_firmware0
clk_fixed4: clock-fixed has no clock-frequency
clk_fixed4: clock-fixed has no clock-frequency
psci0: <ARM Power State Co-ordination Interface Driver> on ofwbus0
clk_fixed4: clock-fixed has no clock-frequency
clk_fixed4: clock-fixed has no clock-frequency
clk_fixed4: clock-fixed has no clock-frequency
clk_fixed4: clock-fixed has no clock-frequency
clk_fixed4: clock-fixed has no clock-frequency
clk_fixed4: clock-fixed has no clock-frequency
clk_fixed4: clock-fixed has no clock-frequency
clk_fixed4: clock-fixed has no clock-frequency
clk_fixed4: clock-fixed has no clock-frequency
clk_fixed4: clock-fixed has no clock-frequency
clk_fixed4: clock-fixed has no clock-frequency
clk_fixed4: clock-fixed has no clock-frequency
clk_fixed4: clock-fixed has no clock-frequency
clk_fixed4: clock-fixed has no clock-frequency
clk_fixed4: clock-fixed has no clock-frequency
clk_fixed4: clock-fixed has no clock-frequency
gic0: <ARM Generic Interrupt Controller> mem 0x40041000-0x40041fff,0x40042000-0x40043fff,0x40044000-0x40045fff,0x40046000-0x40047fff irq 30 on simplebus0
gic0: pn 0x2, arch 0x2, rev 0x1, implementer 0x43b irqs 256
clk_fixed4: clock-fixed has no clock-frequency
clk_fixed4: clock-fixed has no clock-frequency
clk_fixed4: clock-fixed has no clock-frequency
clk_fixed4: clock-fixed has no clock-frequency
gpio0: <BCM2708/2835 GPIO controller> mem 0x7e200000-0x7e2000b3 irq 14,15 on simplebus0
gpiobus0: <OFW GPIO bus> on gpio0
gpio1: <Raspberry Pi Firmware GPIO controller> on bcm2835_firmware0
gpiobus1: <GPIO bus> on gpio1
regfix0: Cannot configure GPIO pin: 5
REGNODE_INIT failed: 6
regfix0: Cannot register regulator.
clk_fixed4: clock-fixed has no clock-frequency
clk_fixed4: clock-fixed has no clock-frequency
regfix2: Cannot set GPIO pin: 6
REGNODE_INIT failed: 6
regfix2: Cannot register regulator.
mbox0: <BCM2835 VideoCore Mailbox> mem 0x7e00b880-0x7e00b8bf irq 13 on simplebus0
clk_fixed4: clock-fixed has no clock-frequency
clk_fixed4: clock-fixed has no clock-frequency
gpioregulator0: <GPIO controlled regulator> on ofwbus0
clk_fixed4: clock-fixed has no clock-frequency
clk_fixed4: clock-fixed has no clock-frequency
clk_fixed4: clock-fixed has no clock-frequency
clk_fixed4: clock-fixed has no clock-frequency
generic_timer0: <ARMv8 Generic Timer> irq 4,5,6,7 on ofwbus0
Timecounter "ARM MPCore Timecounter" frequency 54000000 Hz quality 1000
Event timer "ARM MPCore Eventtimer" frequency 54000000 Hz quality 1000
clk_fixed4: clock-fixed has no clock-frequency
clk_fixed4: clock-fixed has no clock-frequency
clk_fixed4: clock-fixed has no clock-frequency
clk_fixed4: clock-fixed has no clock-frequency
clk_fixed4: clock-fixed has no clock-frequency
clk_fixed4: clock-fixed has no clock-frequency
clk_fixed4: clock-fixed has no clock-frequency
clk_fixed4: clock-fixed has no clock-frequency
clk_fixed4: clock-fixed has no clock-frequency
clk_fixed4: clock-fixed has no clock-frequency
clk_fixed4: clock-fixed has no clock-frequency
clk_fixed4: clock-fixed has no clock-frequency
clk_fixed4: clock-fixed has no clock-frequency
clk_fixed4: clock-fixed has no clock-frequency
clk_fixed4: clock-fixed has no clock-frequency
clk_fixed4: clock-fixed has no clock-frequency
clk_fixed4: clock-fixed has no clock-frequency
clk_fixed4: clock-fixed has no clock-frequency
clk_fixed4: clock-fixed has no clock-frequency
clk_fixed4: clock-fixed has no clock-frequency
bcm_dma0: <BCM2835 DMA Controller> mem 0x7e007000-0x7e007aff irq 31,32,33,34,35,36,37,38,39,40,41 on simplebus0
usb_nop_xceiv0: <USB NOP PHY> on ofwbus0
clk_fixed4: clock-fixed has no clock-frequency
clk_fixed4: clock-fixed has no clock-frequency
clk_fixed4: clock-fixed has no clock-frequency
clk_fixed4: clock-fixed has no clock-frequency
bcm2835_clkman0: <BCM283x Clock Manager> mem 0x7e101000-0x7e102fff on simplebus0
gpioc0: <GPIO controller> on gpio0
uart0: <PrimeCell UART (PL011)> mem 0x7e201000-0x7e2011ff irq 16 on simplebus0
uart0: console (115200,n,8,1)
spi0: <BCM2708/2835 SPI controller> mem 0x7e204000-0x7e2041ff irq 18 on simplebus0
spibus0: <OFW SPI bus> on spi0
spibus0: <unknown card> at cs 0 mode 0
spibus0: <unknown card> at cs 1 mode 0
sdhci_bcm0: <Broadcom 2708 SDHCI controller> mem 0x7e300000-0x7e3000ff irq 24 on simplebus0
mmc0: <MMC/SD bus> on sdhci_bcm0
iichb0: <BCM2708/2835 BSC controller> mem 0x7e804000-0x7e804fff irq 27 on simplebus0
bcmwd0: <BCM2708/2835 Watchdog> mem 0x7e100000-0x7e100113,0x7e00a000-0x7e00a023,0x7ec11000-0x7ec1101f on simplebus0
bcmrng0: <Broadcom BCM2835/BCM2838 RNG> mem 0x7e104000-0x7e104027 on simplebus0
gpioc1: <GPIO controller> on gpio1
fb0: <BCM2835 VT framebuffer driver> on simplebus0
fb0: keeping existing fb bpp of 32
fbd0 on fb0
WARNING: Device "fb" is Giant locked and may be deleted before FreeBSD 15.0.
VT: Replacing driver "efifb" with new "fb".
fb0: 592x448(592x448@0,0) 32bpp
fb0: fbswap: 1, pitch 2368, base 0x3eaf5000, screen_size 1060864
sdhci_bcm1: <Broadcom 2708 SDHCI controller> mem 0x7e340000-0x7e3400ff irq 79 on simplebus1
mmc1: <MMC/SD bus> on sdhci_bcm1
pmu0: <Performance Monitoring Unit> irq 0,1,2,3 on ofwbus0
cpulist0: <Open Firmware CPU Group> on ofwbus0
cpu0: <Open Firmware CPU> on cpulist0
bcm2835_cpufreq0: <CPU Frequency Control> on cpu0
pcib0: <BCM2838-compatible PCI-express controller> mem 0x7d500000-0x7d50930f irq 80,81 on simplebus2
pcib0: hardware identifies as revision 0x304.
pci0: <OFW PCI bus> on pcib0
pcib1: <PCI-PCI bridge> irq 91 at device 0.0 on pci0
pci1: <OFW PCI bus> on pcib1
bcm_xhci0: <VL805 USB 3.0 controller (on the Raspberry Pi 4b)> irq 92 at device 0.0 on pci1
bcm_xhci0: 32 bytes context size, 64-bit DMA
usbus0 on bcm_xhci0
genet0: <RPi4 Gigabit Ethernet> mem 0x7d580000-0x7d58ffff irq 82,83 on simplebus2
genet0: GENET version 5.0 phy 0x0000
miibus0: <MII bus> on genet0
brgphy0: <BCM54213PE 1000BASE-T media interface> PHY 1 on miibus0
brgphy0:  10baseT, 10baseT-FDX, 100baseTX, 100baseTX-FDX, 1000baseT, 1000baseT-master, 1000baseT-FDX, 1000baseT-FDX-master, auto
genet0: Ethernet address: dc:a6:32:a3:1e:52
clk_fixed4: clock-fixed has no clock-frequency
clk_fixed4: clock-fixed has no clock-frequency
gpioled0: <GPIO LEDs> on ofwbus0
armv8crypto0: CPU lacks AES instructions
Timecounters tick every 1.000 msec
usbus0: 5.0Gbps Super Speed USB v3.0
sdhci_bcm0-slot0: Got command interrupt 0x00030000, but there is no active command.
sdhci_bcm0-slot0: ============== REGISTER DUMP ==============
sdhci_bcm0-slot0: Sys addr: 0x00000000 | Version:  0x00009902
sdhci_bcm0-slot0: Blk size: 0x00000000 | Blk cnt:  0x00000000
sdhci_bcm0-slot0: Argument: 0x000001aa | Trn mode: 0x00000000
sdhci_bcm0-slot0: Present:  0x000f0000 | Host ctl: 0x00000001
sdhci_bcm0-slot0: Power:    0x0000000f | Blk gap:  0x00000000
sdhci_bcm0-slot0: Wake-up:  0x00000000 | Clock:    0x00003947
sdhci_bcm0-slot0: Timeout:  0x00000000 | Int stat: 0x00000000
sdhci_bcm0-slot0: Int enab: 0x01ff00bb | Sig enab: 0x01ff00bb
sdhci_bcm0-slot0: AC12 err: 0x00000000 | Host ctl2:0x00000000
sdhci_bcm0-slot0: Caps:     0x00000000 | Caps2:    0x00000000
sdhci_bcm0-slot0: Max curr: 0x00000001 | ADMA err: 0x00000000
sdhci_bcm0-slot0: ADMA addr:0x00000000 | Slot int: 0x00000000
sdhci_bcm0-slot0: ===========================================
ugen0.1: <(0x1106) XHCI root HUB> at usbus0
uhub0 on usbus0
uhub0: <(0x1106) XHCI root HUB, class 9/0, rev 3.00/1.00, addr 1> on usbus0
sdhci_bcm0-slot0: Got command interrupt 0x00030000, but there is no active command.
sdhci_bcm0-slot0: ============== REGISTER DUMP ==============
sdhci_bcm0-slot0: Sys addr: 0x00000000 | Version:  0x00009902
sdhci_bcm0-slot0: Blk size: 0x00000000 | Blk cnt:  0x00000000
sdhci_bcm0-slot0: Argument: 0x000001aa | Trn mode: 0x00000000
sdhci_bcm0-slot0: Present:  0x000f0000 | Host ctl: 0x00000001
sdhci_bcm0-slot0: Power:    0x0000000f | Blk gap:  0x00000000
sdhci_bcm0-slot0: Wake-up:  0x00000000 | Clock:    0x00003947
sdhci_bcm0-slot0: Timeout:  0x00000000 | Int stat: 0x00000000
sdhci_bcm0-slot0: Int enab: 0x01ff00bb | Sig enab: 0x01ff00bb
sdhci_bcm0-slot0: AC12 err: 0x00000000 | Host ctl2:0x00000000
sdhci_bcm0-slot0: Caps:     0x00000000 | Caps2:    0x00000000
sdhci_bcm0-slot0: Max curr: 0x00000001 | ADMA err: 0x00000000
sdhci_bcm0-slot0: ADMA addr:0x00000000 | Slot int: 0x00000000
sdhci_bcm0-slot0: ===========================================
sdhci_bcm0-slot0: Got command interrupt 0x00030000, but there is no active command.
sdhci_bcm0-slot0: ============== REGISTER DUMP ==============
sdhci_bcm0-slot0: Sys addr: 0x00000000 | Version:  0x00009902
sdhci_bcm0-slot0: Blk size: 0x00000000 | Blk cnt:  0x00000000
sdhci_bcm0-slot0: Argument: 0x000001aa | Trn mode: 0x00000000
sdhci_bcm0-slot0: Present:  0x000f0000 | Host ctl: 0x00000001
sdhci_bcm0-slot0: Power:    0x0000000f | Blk gap:  0x00000000
sdhci_bcm0-slot0: Wake-up:  0x00000000 | Clock:    0x00003947
sdhci_bcm0-slot0: Timeout:  0x00000000 | Int stat: 0x00000000
sdhci_bcm0-slot0: Int enab: 0x01ff00bb | Sig enab: 0x01ff00bb
sdhci_bcm0-slot0: AC12 err: 0x00000000 | Host ctl2:0x00000000
sdhci_bcm0-slot0: Caps:     0x00000000 | Caps2:    0x00000000
sdhci_bcm0-slot0: Max curr: 0x00000001 | ADMA err: 0x00000000
sdhci_bcm0-slot0: ADMA addr:0x00000000 | Slot int: 0x00000000
sdhci_bcm0-slot0: ===========================================
sdhci_bcm0-slot0: Got command interrupt 0x00030000, but there is no active command.
sdhci_bcm0-slot0: ============== REGISTER DUMP ==============
sdhci_bcm0-slot0: Sys addr: 0x00000000 | Version:  0x00009902
sdhci_bcm0-slot0: Blk size: 0x00000000 | Blk cnt:  0x00000000
sdhci_bcm0-slot0: Argument: 0x00000000 | Trn mode: 0x00000000
sdhci_bcm0-slot0: Present:  0x000f0000 | Host ctl: 0x00000001
sdhci_bcm0-slot0: Power:    0x0000000f | Blk gap:  0x00000000
sdhci_bcm0-slot0: Wake-up:  0x00000000 | Clock:    0x00003947
sdhci_bcm0-slot0: Timeout:  0x00000000 | Int stat: 0x00000000
sdhci_bcm0-slot0: Int enab: 0x01ff00bb | Sig enab: 0x01ff00bb
sdhci_bcm0-slot0: AC12 err: 0x00000000 | Host ctl2:0x00000000
sdhci_bcm0-slot0: Caps:     0x00000000 | Caps2:    0x00000000
sdhci_bcm0-slot0: Max curr: 0x00000001 | ADMA err: 0x00000000
sdhci_bcm0-slot0: ADMA addr:0x00000000 | Slot int: 0x00000000
sdhci_bcm0-slot0: ===========================================
sdhci_bcm0-slot0: Got command interrupt 0x00030000, but there is no active command.
sdhci_bcm0-slot0: ============== REGISTER DUMP ==============
sdhci_bcm0-slot0: Sys addr: 0x00000000 | Version:  0x00009902
sdhci_bcm0-slot0: Blk size: 0x00000000 | Blk cnt:  0x00000000
sdhci_bcm0-slot0: Argument: 0x00000000 | Trn mode: 0x00000000
sdhci_bcm0-slot0: Present:  0x000f0000 | Host ctl: 0x00000001
sdhci_bcm0-slot0: Power:    0x0000000f | Blk gap:  0x00000000
sdhci_bcm0-slot0: Wake-up:  0x00000000 | Clock:    0x00003947
sdhci_bcm0-slot0: Timeout:  0x00000000 | Int stat: 0x00000000
sdhci_bcm0-slot0: Int enab: 0x01ff00bb | Sig enab: 0x01ff00bb
sdhci_bcm0-slot0: AC12 err: 0x00000000 | Host ctl2:0x00000000
sdhci_bcm0-slot0: Caps:     0x00000000 | Caps2:    0x00000000
sdhci_bcm0-slot0: Max curr: 0x00000001 | ADMA err: 0x00000000
sdhci_bcm0-slot0: ADMA addr:0x00000000 | Slot int: 0x00000000
sdhci_bcm0-slot0: ===========================================
sdhci_bcm0-slot0: Got command interrupt 0x00030000, but there is no active command.
sdhci_bcm0-slot0: ============== REGISTER DUMP ==============
sdhci_bcm0-slot0: Sys addr: 0x00000000 | Version:  0x00009902
sdhci_bcm0-slot0: Blk size: 0x00000000 | Blk cnt:  0x00000000
sdhci_bcm0-slot0: Argument: 0x00000000 | Trn mode: 0x00000000
sdhci_bcm0-slot0: Present:  0x000f0000 | Host ctl: 0x00000001
sdhci_bcm0-slot0: Power:    0x0000000f | Blk gap:  0x00000000
sdhci_bcm0-slot0: Wake-up:  0x00000000 | Clock:    0x00003947
sdhci_bcm0-slot0: Timeout:  0x00000000 | Int stat: 0x00000000
sdhci_bcm0-slot0: Int enab: 0x01ff00bb | Sig enab: 0x01ff00bb
sdhci_bcm0-slot0: AC12 err: 0x00000000 | Host ctl2:0x00000000
sdhci_bcm0-slot0: Caps:     0x00000000 | Caps2:    0x00000000
sdhci_bcm0-slot0: Max curr: 0x00000001 | ADMA err: 0x00000000
sdhci_bcm0-slot0: ADMA addr:0x00000000 | Slot int: 0x00000000
sdhci_bcm0-slot0: ===========================================
sdhci_bcm0-slot0: Got command interrupt 0x00030000, but there is no active command.
sdhci_bcm0-slot0: ============== REGISTER DUMP ==============
sdhci_bcm0-slot0: Sys addr: 0x00000000 | Version:  0x00009902
sdhci_bcm0-slot0: Blk size: 0x00000000 | Blk cnt:  0x00000000
sdhci_bcm0-slot0: Argument: 0x00000000 | Trn mode: 0x00000000
sdhci_bcm0-slot0: Present:  0x000f0000 | Host ctl: 0x00000001
sdhci_bcm0-slot0: Power:    0x0000000f | Blk gap:  0x00000000
sdhci_bcm0-slot0: Wake-up:  0x00000000 | Clock:    0x00003947
sdhci_bcm0-slot0: Timeout:  0x00000000 | Int stat: 0x00000000
sdhci_bcm0-slot0: Int enab: 0x01ff00bb | Sig enab: 0x01ff00bb
sdhci_bcm0-slot0: AC12 err: 0x00000000 | Host ctl2:0x00000000
sdhci_bcm0-slot0: Caps:     0x00000000 | Caps2:    0x00000000
sdhci_bcm0-slot0: Max curr: 0x00000001 | ADMA err: 0x00000000
sdhci_bcm0-slot0: ADMA addr:0x00000000 | Slot int: 0x00000000
sdhci_bcm0-slot0: ===========================================
mmc0: No compatible cards found on bus
iicbus0: <OFW I2C bus> on iichb0
iic0: <I2C generic I/O> on iicbus0
mmcsd0: 128GB <SDHC GD2S5 3.0 SN CCCF5596 MFG 04/2021 by 27 SM> at mmc1 50.0MHz/4bit/65535-block
bcm2835_cpufreq0: ARM 600MHz, Core 200MHz, SDRAM 400MHz, Turbo OFF
CPU  0: ARM Cortex-A72 r0p3 affinity:  0
                   Cache Type = <64 byte D-cacheline,64 byte I-cacheline,PIPT ICache,64 byte ERG,64 byte CWG>
 Instruction Set Attributes 0 = <CRC32>
 Instruction Set Attributes 1 = <>
 Instruction Set Attributes 2 = <>
         Processor Features 0 = <AdvSIMD,FP,EL3 32,EL2 32,EL1 32,EL0 32>
         Processor Features 1 = <>
      Memory Model Features 0 = <TGran4,TGran64,SNSMem,BigEnd,16bit ASID,16TB PA>
      Memory Model Features 1 = <8bit VMID>
      Memory Model Features 2 = <32bit CCIDX,48bit VA>
             Debug Features 0 = <DoubleLock,2 CTX BKPTs,4 Watchpoints,6 Breakpoints,PMUv3,Debugv8>
             Debug Features 1 = <>
         Auxiliary Features 0 = <>
         Auxiliary Features 1 = <>
AArch32 Instruction Set Attributes 5 = <CRC32,SEVL>
AArch32 Media and VFP Features 0 = <FPRound,FPSqrt,FPDivide,DP VFPv3+v4,SP VFPv3+v4,AdvSIMD>
AArch32 Media and VFP Features 1 = <SIMDFMAC,FPHP DP Conv,SIMDHP SP Conv,SIMDSP,SIMDInt,SIMDLS,FPDNaN,FPFtZ>
CPU  1: ARM Cortex-A72 r0p3 affinity:  1
CPU  2: ARM Cortex-A72 r0p3 affinity:  2
CPU  3: ARM Cortex-A72 r0p3 affinity:  3
Release APs...done
TCP_ratelimit: Is now initialized
uhub0: 5 ports with 4 removable, self powered
Trying to mount root from ufs:/dev/ufs/rootfs [rw,noatime]...
Warning: no time-of-day clock registered, system time will not be set accurately
Dual Console: Serial Primary, Video Secondary
ugen0.2: <vendor 0x2109 USB2.0 Hub> at usbus0
uhub1 on uhub0
uhub1: <vendor 0x2109 USB2.0 Hub, class 9/0, rev 2.10/4.20, addr 1> on usbus0
uhub1: 4 ports with 4 removable, self powered
ugen0.3: <Realtek DISK> at usbus0
umass0 on uhub1
umass0: <Realtek DISK, class 0/0, rev 2.00/2.00, addr 2> on usbus0
umass0:  SCSI over Bulk-Only; quirks = 0x4000
umass0:0:0: Attached to scbus0
da0 at umass-sim0 bus 0 scbus0 target 0 lun 0
da0: <Realtek Driver Storage 1.00> Removable Direct Access SCSI device
da0: 40.000MB/s transfers
da0: 15MB (32384 512 byte sectors)
da0: quirks=0x2<NO_6_BYTE>
genet0: link state changed to UP
lo0: link state changed to UP
genet0: link state changed to DOWN
genet0: link state changed to UP
Security policy loaded: MAC/ntpd (mac_ntpd)
